Microchip Technology Inc, v2.00 (B)

Tool Name:
  c:\program files\microchip\xc16\v2.00\bin\bin\..\bin/elf-ld.exe

Command:
  -p33CH128MP506 \
  --mdfp=C:/Program Files/Microchip/MPLABX/v6.00/packs/Microchip/dsPIC33CH-MP_DFP/1.10.223/xc16 \
  -o \
  dist/default/production/HFC-3100D_MD_V1.1_221125.X.production.elf \
  -Lc:/program files/microchip/xc16/v2.00/bin/bin/.. \
  -LC:/Program Files/Microchip/MPLABX/v6.00/packs/Microchip/dsPIC33CH-MP_DFP/1.10.223/xc16/bin/../lib \
  -LC:/Program Files/Microchip/MPLABX/v6.00/packs/Microchip/dsPIC33CH-MP_DFP/1.10.223/xc16/bin/../support/dsPIC33C/gld \
  -Lc:/program files/microchip/xc16/v2.00/bin/bin/../../lib \
  -Lc:/program files/microchip/xc16/v2.00/bin/bin/../../support/PIC24E/gld \
  -Lc:/program files/microchip/xc16/v2.00/bin/bin/../../support/PIC24F/gld \
  -Lc:/program files/microchip/xc16/v2.00/bin/bin/../../support/PIC24H/gld \
  -Lc:/program files/microchip/xc16/v2.00/bin/bin/../../support/dsPIC30F/gld \
  -Lc:/program files/microchip/xc16/v2.00/bin/bin/../../support/dsPIC33C/gld \
  -Lc:/program files/microchip/xc16/v2.00/bin/bin/../../support/dsPIC33E/gld \
  -Lc:/program files/microchip/xc16/v2.00/bin/bin/../../support/dsPIC33F/gld \
  build/default/production/mcc_generated_files/drivers/uart.o \
  build/default/production/mcc_generated_files/charlcd1.o \
  build/default/production/mcc_generated_files/delay.o \
  build/default/production/mcc_generated_files/uart1.o \
  build/default/production/mcc_generated_files/reset.o \
  build/default/production/mcc_generated_files/serial1.o \
  build/default/production/mcc_generated_files/tmr1.o \
  build/default/production/mcc_generated_files/system.o \
  build/default/production/mcc_generated_files/clock.o \
  build/default/production/mcc_generated_files/uart2.o \
  build/default/production/mcc_generated_files/interrupt_manager.o \
  build/default/production/mcc_generated_files/serial2.o \
  build/default/production/mcc_generated_files/pin_manager.o \
  build/default/production/mcc_generated_files/mcc.o \
  build/default/production/mcc_generated_files/traps.o \
  build/default/production/keyInput.o \
  build/default/production/main.o \
  build/default/production/var.o \
  build/default/production/i2c_master.o \
  build/default/production/i2c_master_eeprom_24fc256.o \
  build/default/production/ds1302.o \
  --local-stack \
  --defsym=__MPLAB_BUILD=1 \
  -Tp33CH128MP506.gld.00 \
  --stack=16 \
  --check-sections \
  --data-init \
  --pack-data \
  --handles \
  --isr \
  --no-gc-sections \
  --fill-upper=0 \
  --stackguard=16 \
  --no-force-link \
  --smart-io \
  -Map=dist/default/production/HFC-3100D_MD_V1.1_221125.X.production.map \
  --report-mem \
  --memorysummary \
  dist/default/production/memoryfile.xml \
  -start-group \
  --library=c99-pic30-elf \
  --library=m-elf \
  --library=c99-elf \
  -end-group \


Optional library libp33CH128MP506.a not found
Archive member included because of file (symbol)

c:/program files/microchip/xc16/v2.00/bin/bin/../../lib\libc99-pic30-elf.a(crt0_dualch.o)
                              (__resetPRI)
c:/program files/microchip/xc16/v2.00/bin/bin/../../lib\libc99-pic30-elf.a(data_init_dualch.o)
                              c:/program files/microchip/xc16/v2.00/bin/bin/../../lib\libc99-pic30-elf.a(crt0_dualch.o) (__data_init_duo)
c:/program files/microchip/xc16/v2.00/bin/bin/../../lib\libc99-pic30-elf.a(crt_start_mode_normalch.Meo)
                              (__crt_start_mode_normal)
c:/program files/microchip/xc16/v2.00/bin/bin/../../lib\libc99-pic30-elf.a(delay32ch.Meo)
                              build/default/production/mcc_generated_files/charlcd1.o (___delay32)
c:/program files/microchip/xc16/v2.00/bin/bin/../../lib\libc99-pic30-elf.a(fgtge.CH_o)
                              build/default/production/main.o (___gtsf2)
c:/program files/microchip/xc16/v2.00/bin/bin/../../lib\libc99-pic30-elf.a(fixsfsi.CH_o)
                              build/default/production/mcc_generated_files/uart1.o (_(float, int, long long, short, float, short, int))
c:/program files/microchip/xc16/v2.00/bin/bin/../../lib\libc99-pic30-elf.a(fixunssfsi.CH_o)
                              build/default/production/mcc_generated_files/charlcd1.o (___fixunssfsi)
c:/program files/microchip/xc16/v2.00/bin/bin/../../lib\libc99-pic30-elf.a(floatsisf.CH_o)
                              build/default/production/mcc_generated_files/charlcd1.o (___floatsisf)
c:/program files/microchip/xc16/v2.00/bin/bin/../../lib\libc99-pic30-elf.a(fne.CH_o)
                              build/default/production/mcc_generated_files/uart1.o (___nesf2)
c:/program files/microchip/xc16/v2.00/bin/bin/../../lib\libc99-pic30-elf.a(funpack.CH_o)
                              c:/program files/microchip/xc16/v2.00/bin/bin/../../lib\libc99-pic30-elf.a(fixsfsi.CH_o) (__funpack)
c:/program files/microchip/xc16/v2.00/bin/bin/../../lib\libc99-pic30-elf.a(addsf3x.CH_o)
[...]
Memory Configuration

Name             Origin             Length             Attributes
data             0x001000           0x004000           a !xr
reset            0x000000           0x000004  
ivt              0x000004           0x0001fc  
program          0x000200           0x015d00           xr
FSEC             0x015f00           0x000002  
FBSLIM           0x015f10           0x000002  
FSIGN            0x015f14           0x000002  
FOSCSEL          0x015f18           0x000002  
FOSC             0x015f1c           0x000002  
FWDT             0x015f20           0x000002  
FICD             0x015f28           0x000002  
FDMTIVTL         0x015f2c           0x000002  
FDMTIVTH         0x015f30           0x000002  
FDMTCNTL         0x015f34           0x000002  
FDMTCNTH         0x015f38           0x000002  
FDMT             0x015f3c           0x000002  
FDEVOPT          0x015f40           0x000002  
FALTREG          0x015f44           0x000002  
FMBXM            0x015f48           0x000002  
FMBXHS1          0x015f4c           0x000002  
FMBXHS2          0x015f50           0x000002  
FMBXHSEN         0x015f54           0x000002  
FCFGPRA0         0x015f58           0x000002  
FCFGPRB0         0x015f60           0x000002  
FCFGPRC0         0x015f68           0x000002  
FCFGPRD0         0x015f70           0x000002  
FCFGPRE0         0x015f78           0x000002  
FS1OSCSEL        0x015f80           0x000002  
FS1OSC           0x015f84           0x000002  
FS1WDT           0x015f88           0x000002  
FS1ICD           0x015f90           0x000002  
FS1DEVOPT        0x015f94           0x000002  
FS1ALTREG        0x015f98           0x000002  
*default*        0x000000           0xffffffff  

Linker script and memory map

LOAD build/default/production/mcc_generated_files/drivers/uart.o
LOAD build/default/production/mcc_generated_files/charlcd1.o
LOAD build/default/production/mcc_generated_files/delay.o
LOAD build/default/production/mcc_generated_files/uart1.o
LOAD build/default/production/mcc_generated_files/reset.o
LOAD build/default/production/mcc_generated_files/serial1.o
LOAD build/default/production/mcc_generated_files/tmr1.o
LOAD build/default/production/mcc_generated_files/system.o
LOAD build/default/production/mcc_generated_files/clock.o
LOAD build/default/production/mcc_generated_files/uart2.o
LOAD build/default/production/mcc_generated_files/interrupt_manager.o
LOAD build/default/production/mcc_generated_files/serial2.o
LOAD build/default/production/mcc_generated_files/pin_manager.o
LOAD build/default/production/mcc_generated_files/mcc.o
LOAD build/default/production/mcc_generated_files/traps.o
LOAD build/default/production/keyInput.o
LOAD build/default/production/main.o
LOAD build/default/production/var.o
LOAD build/default/production/i2c_master.o
LOAD build/default/production/i2c_master_eeprom_24fc256.o
LOAD build/default/production/ds1302.o
                    0x0001                  __MPLAB_BUILD = 0x1
LOAD p33CH128MP506
LOAD c:/program files/microchip/xc16/v2.00/bin/bin/../../lib\libfx-elf.a
                    0x15f00                  __FSEC = 0x15f00
                    0x15f10                  __FBSLIM = 0x15f10
                    0x15f14                  __FSIGN = 0x15f14
                    0x15f18                  __FOSCSEL = 0x15f18
                    0x15f1c                  __FOSC = 0x15f1c
                    0x15f20                  __FWDT = 0x15f20
                    0x15f28                  __FICD = 0x15f28
                    0x15f2c                  __FDMTIVTL = 0x15f2c
                    0x15f30                  __FDMTIVTH = 0x15f30
                    0x15f34                  __FDMTCNTL = 0x15f34
                    0x15f38                  __FDMTCNTH = 0x15f38
                    0x15f3c                  __FDMT = 0x15f3c
                    0x15f40                  __FDEVOPT = 0x15f40
                    0x15f44                  __FALTREG = 0x15f44
                    0x15f48                  __FMBXM = 0x15f48
                    0x15f4c                  __FMBXHS1 = 0x15f4c
                    0x15f50                  __FMBXHS2 = 0x15f50
                    0x15f54                  __FMBXHSEN = 0x15f54
                    0x15f58                  __FCFGPRA0 = 0x15f58
                    0x15f60                  __FCFGPRB0 = 0x15f60
                    0x15f68                  __FCFGPRC0 = 0x15f68
                    0x15f70                  __FCFGPRD0 = 0x15f70
                    0x15f78                  __FCFGPRE0 = 0x15f78
                    0x15f80                  __FS1OSCSEL = 0x15f80
                    0x15f84                  __FS1OSC = 0x15f84
                    0x15f88                  __FS1WDT = 0x15f88
                    0x15f90                  __FS1ICD = 0x15f90
                    0x15f94                  __FS1DEVOPT = 0x15f94
                    0x15f98                  __FS1ALTREG = 0x15f98
                    0x0200                  __CODE_BASE = 0x200
                    0x15d00                  __CODE_LENGTH = 0x15d00
                    0x0004                  __IVT_BASE = 0x4
                    0x2000                  __SECONDARY_CODE_LENGTH = 0x2000
                    0x1000                  __DATA_BASE = 0x1000
                    0x4000                  __DATA_LENGTH = 0x4000
                    0x3000                  __YDATA_BASE = 0x3000
                    0x4fff                  __YDATA_END = 0x4fff

.reset            0x000000          0x4
                  0x000000          0x2 SHORT 0x200 ABSOLUTE (__reset)
                  0x000001          0x2 SHORT 0x4
                  0x000002          0x2 SHORT 0x0 ((ABSOLUTE (__reset) >> 0x10) & 0x7f)
                  0x000003          0x2 SHORT 0x0

.text             0x000200       0x1b9a
 *(.init)
 .init            0x000200         0x46 c:/program files/microchip/xc16/v2.00/bin/bin/../../lib\libc99-pic30-elf.a(crt0_dualch.o)
                  0x000200                  __resetPRI
                  0x000200                  __reset
                  0x00023a                  __psv_init
 .init            0x000246        0x150 c:/program files/microchip/xc16/v2.00/bin/bin/../../lib\libc99-pic30-elf.a(data_init_dualch.o)
                  0x000246                  __data_init
                  0x000246                  __data_init_duo
                  0x0002f8                  __wipe_secondary
                  0x00032e                  __program_inactive_slave
                  0x00032e                  __program_inactive_secondary
                  0x000332                  __program_secondary
                  0x00037e                  __start_slave
                  0x00037e                  __start_secondary
                  0x00038a                  __stop_secondary
 *(.user_init)
 *(.handle)
 .handle          0x000396         0x54 jump_table
 *(.isr*)
 .isr.text        0x0003ea         0xea build/default/production/mcc_generated_files/uart1.o
                  0x0003ea                  __U1TXInterrupt
                  0x00044a                  __U1RXInterrupt
                  0x0004b6                  __U1EInterrupt
                  0x0004cc                  __U1EVTInterrupt
 .isr.text        0x0004d4         0x36 build/default/production/mcc_generated_files/tmr1.o
                  0x0004d4                  __T1Interrupt
 .isr.text        0x00050a         0xea build/default/production/mcc_generated_files/uart2.o
                  0x00050a                  __U2TXInterrupt
                  0x00056a                  __U2RXInterrupt
                  0x0005d6                  __U2EInterrupt
                  0x0005ec                  __U2EVTInterrupt
 .isrerror_handler
                  0x0005f4         0xec build/default/production/mcc_generated_files/traps.o
                  0x0005f4                  __OscillatorFail
                  0x000614                  __StackError
                  0x000636                  __AddressError
                  0x000656                  __MathError
                  0x000676                  __HardTrapError
                  0x000696                  __SoftTrapError
 .isr             0x0006e0          0x4 default_isr
                  0x0006e0                  __DefaultInterrupt
 *(.libc)
 *(.libm)
 *(.libdsp)
 *(.lib*)
 .libc.write      0x0006e4         0x4a build/default/production/mcc_generated_files/uart1.o
                  0x0006e4                  _write
 .libpic30_crt_start_mode
                  0x00072e          0x2 c:/program files/microchip/xc16/v2.00/bin/bin/../../lib\libc99-pic30-elf.a(crt_start_mode_normalch.Meo)
                  0x00072e                  __crt_start_mode
                  0x00072e                  __crt_start_mode_normal
 .libm.gtsf2      0x000730          0x4 c:/program files/microchip/xc16/v2.00/bin/bin/../../lib\libc99-pic30-elf.a(fgtge.CH_o)
                  0x000730                  ___gesf2
                  0x000730                  ___gtsf2
 .libm.fixsfsi    0x000734         0x42 c:/program files/microchip/xc16/v2.00/bin/bin/../../lib\libc99-pic30-elf.a(fixsfsi.CH_o)
                  0x000734                  _(float, int, long long, short, float, short, int)
 .libm.fixunssfsi
                  0x000776         0x36 c:/program files/microchip/xc16/v2.00/bin/bin/../../lib\libc99-pic30-elf.a(fixunssfsi.CH_o)
                  0x000776                  ___fixunssfsi
 .libm.floatsisf
                  0x0007ac          0x6 c:/program files/microchip/xc16/v2.00/bin/bin/../../lib\libc99-pic30-elf.a(floatsisf.CH_o)
                  0x0007ac                  ___floatsisf
 .libm.nesf2      0x0007b2          0x4 c:/program files/microchip/xc16/v2.00/bin/bin/../../lib\libc99-pic30-elf.a(fne.CH_o)
                  0x0007b2                  ___nesf2
 .libm.funpack    0x0007b6         0x2a c:/program files/microchip/xc16/v2.00/bin/bin/../../lib\libc99-pic30-elf.a(funpack.CH_o)
                  0x0007b6                  __funpack
 .libmx           0x0007e0        0x1dc c:/program files/microchip/xc16/v2.00/bin/bin/../../lib\libc99-pic30-elf.a(addsf3x.CH_o)
                  0x0007e0                  ___subsf3x
                  0x0007e0                  ___subsf3
                  0x0007f2                  ___addsf3x
                  0x0007f2                  ___addsf3
 .libmx           0x0009bc        0x1be c:/program files/microchip/xc16/v2.00/bin/bin/../../lib\libc99-pic30-elf.a(divsf3x.CH_o)
                  0x0009bc                  ___divsf3x
                  0x0009bc                  ___divsf3
                  0x000b4e                  __sdivf
 .libmx           0x000b7a        0x10c c:/program files/microchip/xc16/v2.00/bin/bin/../../lib\libc99-pic30-elf.a(mulsf3x.CH_o)
                  0x000b7a                  ___mulsf3x
                  0x000b7a                  ___mulsf3
 .libmx           0x000c86         0x54 c:/program files/microchip/xc16/v2.00/bin/bin/../../lib\libc99-pic30-elf.a(dnrmpackfx.CH_o)
                  0x000c86                  __dnrmpackf
 .libmx           0x000cda         0x5e c:/program files/microchip/xc16/v2.00/bin/bin/../../lib\libc99-pic30-elf.a(unpackdnrmfx.CH_o)
                  0x000cda                  __unpackdnrmf
 .libmx           0x000d38         0x34 c:/program files/microchip/xc16/v2.00/bin/bin/../../lib\libc99-pic30-elf.a(typefx.CH_o)
                  0x000d38                  __typef
 .libmx           0x000d6c         0x12 c:/program files/microchip/xc16/v2.00/bin/bin/../../lib\libc99-pic30-elf.a(propnanfx.CH_o)
                  0x000d6c                  __propnanf
 .libmx           0x000d7e         0xa6 c:/program files/microchip/xc16/v2.00/bin/bin/../../lib\libc99-pic30-elf.a(spackfx.CH_o)
                  0x000d7e                  __spackf
 .libmx           0x000e24         0x66 c:/program files/microchip/xc16/v2.00/bin/bin/../../lib\libc99-pic30-elf.a(unpackfx.CH_o)
                  0x000e24                  __unpackf
 .libm.fcompare
                  0x000e8a         0x36 c:/program files/microchip/xc16/v2.00/bin/bin/../../lib\libc99-pic30-elf.a(fcompare.CH_o)
                  0x000e8a                  __fcompare
 .libm.floatdisf
                  0x000ec0         0x20 c:/program files/microchip/xc16/v2.00/bin/bin/../../lib\libc99-pic30-elf.a(floatdisf.CH_o)
                  0x000ec0                  ___floatdisf
 .libm.floatundisf
                  0x000ee0         0x5e c:/program files/microchip/xc16/v2.00/bin/bin/../../lib\libc99-pic30-elf.a(floatundisf.CH_o)
                  0x000ee0                  ___floatundisf
 .libm.fpack      0x000f3e         0x4c c:/program files/microchip/xc16/v2.00/bin/bin/../../lib\libc99-pic30-elf.a(fpack.CH_o)
                  0x000f3e                  __fpack
 .libm.funpack2
                  0x000f8a         0x10 c:/program files/microchip/xc16/v2.00/bin/bin/../../lib\libc99-pic30-elf.a(funpack2.CH_o)
                  0x000f8a                  __funpack2
 .libc.roundf     0x000f9a         0xa2 c:/program files/microchip/xc16/v2.00/bin/bin/../../lib\libm-elf.a(roundf.CH_o)
                  0x000f9a                  _roundf
 .libc.memcpy     0x00103c          0xe c:/program files/microchip/xc16/v2.00/bin/bin/../../lib\libc99-elf.a(memcpy.CH_o)
                  0x00103c                  _memcpy
 .libc.__wrap_sprintf
                  0x00104a          0xc c:/program files/microchip/xc16/v2.00/bin/bin/../../lib\libc99-elf.a(__sio_sprintf_doux.CH_o)
                  0x00104a                  __sprintf_cdnopuxX
                  0x00104a                  __dsprintf_cdnopuxX
 .libc.__sio_sprintf_doux
                  0x001056          0xa c:/program files/microchip/xc16/v2.00/bin/bin/../../lib\libc99-elf.a(__sio_sprintf_doux.CH_o)
                  0x001056                  ___sio_sprintf_doux
 .libc.__fmt_d    0x001060         0xb4 c:/program files/microchip/xc16/v2.00/bin/bin/../../lib\libc99-elf.a(__fmt_d.CH_o)
                  0x001060                  ___fmt_d
                  0x001060                  ___fmt_d_needed
 .libc.__fmt_o    0x001114         0x6e c:/program files/microchip/xc16/v2.00/bin/bin/../../lib\libc99-elf.a(__fmt_o.CH_o)
                  0x001114                  ___fmt_o
                  0x001114                  ___fmt_o_needed
 .libc.__fmt_s    0x001182         0x54 c:/program files/microchip/xc16/v2.00/bin/bin/../../lib\libc99-elf.a(__fmt_s.CH_o)
                  0x001182                  ___fmt_0_needed
                  0x001182                  ___fmt_s_needed
                  0x001182                  ___fmt_s
 .libc.__cvt_u    0x0011d6         0xa4 c:/program files/microchip/xc16/v2.00/bin/bin/../../lib\libc99-elf.a(__fmt_u.CH_o)
                  0x0011d6                  ___cvt_u
 .libc.__fmt_u    0x00127a         0x52 c:/program files/microchip/xc16/v2.00/bin/bin/../../lib\libc99-elf.a(__fmt_u.CH_o)
                  0x00127a                  ___fmt_u
                  0x00127a                  ___fmt_u_needed
 .libc.__fmt_x    0x0012cc        0x152 c:/program files/microchip/xc16/v2.00/bin/bin/../../lib\libc99-elf.a(__fmt_x.CH_o)
                  0x0012cc                  ___fmt_x_needed
                  0x0012cc                  ___fmt_x
 .libc.__vsprintf
                  0x00141e          0x8 c:/program files/microchip/xc16/v2.00/bin/bin/../../lib\libc99-elf.a(__int_vsprintf.CH_o)
                  0x00141e                  ___vsprintf
 .libc.__string_out
                  0x001426         0x28 c:/program files/microchip/xc16/v2.00/bin/bin/../../lib\libc99-elf.a(__printf_core.CH_o)
                  0x001426                  ___out
 .libc.__pad      0x00144e         0x74 c:/program files/microchip/xc16/v2.00/bin/bin/../../lib\libc99-elf.a(__printf_core.CH_o)
                  0x00144e                  ___pad
 .libc.__dummy_fmt3
                  0x0014c2          0x2 c:/program files/microchip/xc16/v2.00/bin/bin/../../lib\libc99-elf.a(__printf_core.CH_o)
 .libc.__dummy_fmt4
                  0x0014c4          0x2 c:/program files/microchip/xc16/v2.00/bin/bin/../../lib\libc99-elf.a(__printf_core.CH_o)
                  0x0014c4                  ___fmt_fp
                  0x0014c4                  ___fmt_a
 .libc.__dummy_fmts
                  0x0014c6          0x2 c:/program files/microchip/xc16/v2.00/bin/bin/../../lib\libc99-elf.a(__printf_core.CH_o)
 .libc.__fmt_state
                  0x0014c8         0x32 c:/program files/microchip/xc16/v2.00/bin/bin/../../lib\libc99-elf.a(__printf_core.CH_o)
                  0x0014c8                  ___fmt_state
 .libc.vfpfcnvrt.clone.0
                  0x0014fa        0x2c0 c:/program files/microchip/xc16/v2.00/bin/bin/../../lib\libc99-elf.a(__printf_core.CH_o)
 .libc.__printf_core
                  0x0017ba         0x40 c:/program files/microchip/xc16/v2.00/bin/bin/../../lib\libc99-elf.a(__printf_core.CH_o)
                  0x0017ba                  ___printf_core
 .libc.memset     0x0017fa         0xc6 c:/program files/microchip/xc16/v2.00/bin/bin/../../lib\libc99-elf.a(memset.CH_o)
                  0x0017fa                  _memset
 .libc.strlen     0x0018c0         0x30 c:/program files/microchip/xc16/v2.00/bin/bin/../../lib\libc99-elf.a(strlen.CH_o)
                  0x0018c0                  _strlen
 .libc.__vsnprintf
                  0x0018f0         0x4a c:/program files/microchip/xc16/v2.00/bin/bin/../../lib\libc99-elf.a(__int_vsnprintf.CH_o)
                  0x0018f0                  ___vsnprintf
 .libc.__vfprintf
                  0x00193a         0x1c c:/program files/microchip/xc16/v2.00/bin/bin/../../lib\libc99-elf.a(__int_vfprintf.CH_o)
                  0x00193a                  ___vfprintf
 .libc.__isspace
                  0x001956         0x14 c:/program files/microchip/xc16/v2.00/bin/bin/../../lib\libc99-elf.a(atoi.CH_o)
 .libc.atoi       0x00196a         0x4c c:/program files/microchip/xc16/v2.00/bin/bin/../../lib\libc99-elf.a(atoi.CH_o)
                  0x00196a                  _atoi
 .libc.tolower    0x0019b6          0xc c:/program files/microchip/xc16/v2.00/bin/bin/../../lib\libc99-elf.a(tolower.CH_o)
                  0x0019b6                  _tolower
 .libc.__tolower_l
                  0x0019c2          0x2 c:/program files/microchip/xc16/v2.00/bin/bin/../../lib\libc99-elf.a(tolower.CH_o)
                  0x0019c2                  ___tolower_l
                  0x0019c2                  _tolower_l
 .libc.toupper    0x0019c4          0xc c:/program files/microchip/xc16/v2.00/bin/bin/../../lib\libc99-elf.a(toupper.CH_o)
                  0x0019c4                  _toupper
 .libc.__toupper_l
                  0x0019d0          0x2 c:/program files/microchip/xc16/v2.00/bin/bin/../../lib\libc99-elf.a(toupper.CH_o)
                  0x0019d0                  ___toupper_l
                  0x0019d0                  _toupper_l
 .libc.__pop_float
                  0x0019d2         0x3e c:/program files/microchip/xc16/v2.00/bin/bin/../../lib\libc99-elf.a(__pop_float.CH_lo)
                  0x0019d2                  ___pop_float
                  0x0019d2                  ___pop_float_needed
 .libc.__pop_int
                  0x001a10         0xb2 c:/program files/microchip/xc16/v2.00/bin/bin/../../lib\libc99-elf.a(__pop_int.CH_lo)
                  0x001a10                  ___pop_int
                  0x001a10                  ___pop_int_needed
 .libc.__pop_ptr
                  0x001ac2         0x74 c:/program files/microchip/xc16/v2.00/bin/bin/../../lib\libc99-elf.a(__pop_ptr.CH_lo)
                  0x001ac2                  ___pop_ptr_needed
                  0x001ac2                  ___pop_ptr
 .libm.extendsfdf2
                  0x001b36         0x3e c:/program files/microchip/xc16/v2.00/bin/bin/../../lib\libc99-pic30-elf.a(extendsfdf.CH_o)
                  0x001b36                  ___extendsfdf2
 .libm.eqsf2      0x001b74          0x4 c:/program files/microchip/xc16/v2.00/bin/bin/../../lib\libc99-pic30-elf.a(feqltle.CH_o)
                  0x001b74                  ___eqsf2
                  0x001b74                  ___ltsf2
                  0x001b74                  ___lesf2
 .libm.mulsi3     0x001b78          0xc c:/program files/microchip/xc16/v2.00/bin/bin/../../lib\libc99-pic30-elf.a(mulsi3.CH_o)
                  0x001b78                  ___mulp32peds3
                  0x001b78                  ___mulsi3
                  0x001b78                  ___mulp32eds3
 .libm.__PplusBdi
                  0x001b84         0x26 c:/program files/microchip/xc16/v2.00/bin/bin/../../lib\libc99-pic30-elf.a(divmoddi3.CH_o)
 .libm.__PminusBdi
                  0x001baa         0x26 c:/program files/microchip/xc16/v2.00/bin/bin/../../lib\libc99-pic30-elf.a(divmoddi3.CH_o)
 .libm.__udivmoddi3
                  0x001bd0         0xf8 c:/program files/microchip/xc16/v2.00/bin/bin/../../lib\libc99-pic30-elf.a(divmoddi3.CH_o)
                  0x001bd0                  ___udivmoddi3
 .libm.__udivdi3
                  0x001cc8          0xe c:/program files/microchip/xc16/v2.00/bin/bin/../../lib\libc99-pic30-elf.a(divmoddi3.CH_o)
                  0x001cc8                  ___udivdi3
 .libm.__umoddi3
                  0x001cd6          0x8 c:/program files/microchip/xc16/v2.00/bin/bin/../../lib\libc99-pic30-elf.a(divmoddi3.CH_o)
                  0x001cd6                  ___umoddi3
 .libm.__divdi3
                  0x001cde         0x60 c:/program files/microchip/xc16/v2.00/bin/bin/../../lib\libc99-pic30-elf.a(divmoddi3.CH_o)
                  0x001cde                  ___divdi3
 .libm.__moddi3
                  0x001d3e         0x5c c:/program files/microchip/xc16/v2.00/bin/bin/../../lib\libc99-pic30-elf.a(divmoddi3.CH_o)
                  0x001d3e                  ___moddi3

usercode
 *(usercode)

__FSEC            0x015f00          0x2
 *(__FSEC.sec*)
 __FSEC.sec       0x015f00          0x2 /CW/_FSEC
                  0x015f00                  __FSEC.sec

__FBSLIM
 *(__FBSLIM.sec*)

__FSIGN
 *(__FSIGN.sec*)

__FOSCSEL
 *(__FOSCSEL.sec*)

__FOSC
 *(__FOSC.sec*)

__FWDT
 *(__FWDT.sec*)

__FICD
 *(__FICD.sec*)

__FDMTIVTL
 *(__FDMTIVTL.sec*)

__FDMTIVTH
 *(__FDMTIVTH.sec*)

__FDMTCNTL
 *(__FDMTCNTL.sec*)

__FDMTCNTH
 *(__FDMTCNTH.sec*)

__FDMT
 *(__FDMT.sec*)

__FDEVOPT
 *(__FDEVOPT.sec*)

__FALTREG
 *(__FALTREG.sec*)

__FMBXM
 *(__FMBXM.sec*)

__FMBXHS1
 *(__FMBXHS1.sec*)

__FMBXHS2
 *(__FMBXHS2.sec*)

__FMBXHSEN
 *(__FMBXHSEN.sec*)

__FCFGPRA0
 *(__FCFGPRA0.sec*)

__FCFGPRB0
 *(__FCFGPRB0.sec*)

__FCFGPRC0
 *(__FCFGPRC0.sec*)

__FCFGPRD0
 *(__FCFGPRD0.sec*)

__FCFGPRE0
 *(__FCFGPRE0.sec*)

__FS1OSCSEL
 *(__FS1OSCSEL.sec*)

__FS1OSC
 *(__FS1OSC.sec*)

__FS1WDT
 *(__FS1WDT.sec*)

__FS1ICD
 *(__FS1ICD.sec*)

__FS1DEVOPT
 *(__FS1DEVOPT.sec*)

__FS1ALTREG
 *(__FS1ALTREG.sec*)

.comment
 *(.comment)

.debug_info       0x000000       0xd250
 *(.debug_info)
 .debug_info      0x000000        0x2b9 build/default/production/mcc_generated_files/drivers/uart.o
 .debug_info      0x0002b9       0x2239 build/default/production/mcc_generated_files/charlcd1.o
 .debug_info      0x0024f2        0x1f8 build/default/production/mcc_generated_files/delay.o
 .debug_info      0x0026ea       0x1d64 build/default/production/mcc_generated_files/uart1.o
 .debug_info      0x00444e        0x4be build/default/production/mcc_generated_files/reset.o
 .debug_info      0x00490c        0x2a0 build/default/production/mcc_generated_files/serial1.o
 .debug_info      0x004bac        0xbb5 build/default/production/mcc_generated_files/tmr1.o
 .debug_info      0x005761        0x555 build/default/production/mcc_generated_files/system.o
 .debug_info      0x005cb6        0x6d8 build/default/production/mcc_generated_files/clock.o
 .debug_info      0x00638e       0x1553 build/default/production/mcc_generated_files/uart2.o
 .debug_info      0x0078e1        0x5ba build/default/production/mcc_generated_files/interrupt_manager.o
 .debug_info      0x007e9b        0x2a0 build/default/production/mcc_generated_files/serial2.o
 .debug_info      0x00813b        0x4a5 build/default/production/mcc_generated_files/pin_manager.o
 .debug_info      0x0085e0        0x645 build/default/production/mcc_generated_files/traps.o
 .debug_info      0x008c25        0x5fe build/default/production/keyInput.o
 .debug_info      0x009223       0x12ce build/default/production/main.o
 .debug_info      0x00a4f1        0x8c5 build/default/production/var.o
 .debug_info      0x00adb6        0x888 build/default/production/i2c_master.o
 .debug_info      0x00b63e        0x20a build/default/production/i2c_master_eeprom_24fc256.o
 .debug_info      0x00b848        0xcbc build/default/production/ds1302.o
 .debug_info      0x00c504         0x8b c:/program files/microchip/xc16/v2.00/bin/bin/../../lib\libc99-pic30-elf.a(fgtge.CH_o)
 .debug_info      0x00c58f         0x8d c:/program files/microchip/xc16/v2.00/bin/bin/../../lib\libc99-pic30-elf.a(fixsfsi.CH_o)
 .debug_info      0x00c61c         0x90 c:/program files/microchip/xc16/v2.00/bin/bin/../../lib\libc99-pic30-elf.a(fixunssfsi.CH_o)
 .debug_info      0x00c6ac         0x8f c:/program files/microchip/xc16/v2.00/bin/bin/../../lib\libc99-pic30-elf.a(floatsisf.CH_o)
 .debug_info      0x00c73b         0x89 c:/program files/microchip/xc16/v2.00/bin/bin/../../lib\libc99-pic30-elf.a(fne.CH_o)
 .debug_info      0x00c7c4         0x8d c:/program files/microchip/xc16/v2.00/bin/bin/../../lib\libc99-pic30-elf.a(funpack.CH_o)
 .debug_info      0x00c851         0x9d c:/program files/microchip/xc16/v2.00/bin/bin/../../lib\libc99-pic30-elf.a(addsf3x.CH_o)
 .debug_info      0x00c8ee         0x9d c:/program files/microchip/xc16/v2.00/bin/bin/../../lib\libc99-pic30-elf.a(divsf3x.CH_o)
 .debug_info      0x00c98b         0x9d c:/program files/microchip/xc16/v2.00/bin/bin/../../lib\libc99-pic30-elf.a(mulsf3x.CH_o)
 .debug_info      0x00ca28         0xa0 c:/program files/microchip/xc16/v2.00/bin/bin/../../lib\libc99-pic30-elf.a(dnrmpackfx.CH_o)
 .debug_info      0x00cac8         0xa2 c:/program files/microchip/xc16/v2.00/bin/bin/../../lib\libc99-pic30-elf.a(unpackdnrmfx.CH_o)
 .debug_info      0x00cb6a         0x9c c:/program files/microchip/xc16/v2.00/bin/bin/../../lib\libc99-pic30-elf.a(typefx.CH_o)
 .debug_info      0x00cc06         0x9f c:/program files/microchip/xc16/v2.00/bin/bin/../../lib\libc99-pic30-elf.a(propnanfx.CH_o)
 .debug_info      0x00cca5         0x9d c:/program files/microchip/xc16/v2.00/bin/bin/../../lib\libc99-pic30-elf.a(spackfx.CH_o)
 .debug_info      0x00cd42         0x9e c:/program files/microchip/xc16/v2.00/bin/bin/../../lib\libc99-pic30-elf.a(unpackfx.CH_o)
 .debug_info      0x00cde0         0x8e c:/program files/microchip/xc16/v2.00/bin/bin/../../lib\libc99-pic30-elf.a(fcompare.CH_o)
 .debug_info      0x00ce6e         0x8f c:/program files/microchip/xc16/v2.00/bin/bin/../../lib\libc99-pic30-elf.a(floatdisf.CH_o)
 .debug_info      0x00cefd         0x91 c:/program files/microchip/xc16/v2.00/bin/bin/../../lib\libc99-pic30-elf.a(floatundisf.CH_o)
 .debug_info      0x00cf8e         0x8b c:/program files/microchip/xc16/v2.00/bin/bin/../../lib\libc99-pic30-elf.a(fpack.CH_o)
 .debug_info      0x00d019         0x8e c:/program files/microchip/xc16/v2.00/bin/bin/../../lib\libc99-pic30-elf.a(funpack2.CH_o)
 .debug_info      0x00d0a7         0x90 c:/program files/microchip/xc16/v2.00/bin/bin/../../lib\libc99-pic30-elf.a(extendsfdf.CH_o)
 .debug_info      0x00d137         0x8d c:/program files/microchip/xc16/v2.00/bin/bin/../../lib\libc99-pic30-elf.a(feqltle.CH_o)
 .debug_info      0x00d1c4         0x8c c:/program files/microchip/xc16/v2.00/bin/bin/../../lib\libc99-pic30-elf.a(mulsi3.CH_o)
 *(.gnu.linkonce.wi.*)

.debug_abbrev     0x000000       0x15f1
 *(.debug_abbrev)
 .debug_abbrev    0x000000         0x9b build/default/production/mcc_generated_files/drivers/uart.o
 .debug_abbrev    0x00009b        0x212 build/default/production/mcc_generated_files/charlcd1.o
 .debug_abbrev    0x0002ad         0x67 build/default/production/mcc_generated_files/delay.o
 .debug_abbrev    0x000314        0x22c build/default/production/mcc_generated_files/uart1.o
 .debug_abbrev    0x000540         0xf6 build/default/production/mcc_generated_files/reset.o
 .debug_abbrev    0x000636         0x9b build/default/production/mcc_generated_files/serial1.o
 .debug_abbrev    0x0006d1        0x186 build/default/production/mcc_generated_files/tmr1.o
 .debug_abbrev    0x000857        0x114 build/default/production/mcc_generated_files/system.o
 .debug_abbrev    0x00096b         0xda build/default/production/mcc_generated_files/clock.o
 .debug_abbrev    0x000a45        0x203 build/default/production/mcc_generated_files/uart2.o
 .debug_abbrev    0x000c48         0x8a build/default/production/mcc_generated_files/interrupt_manager.o
 .debug_abbrev    0x000cd2         0x9b build/default/production/mcc_generated_files/serial2.o
 .debug_abbrev    0x000d6d         0x59 build/default/production/mcc_generated_files/pin_manager.o
 .debug_abbrev    0x000dc6          0x1 build/default/production/mcc_generated_files/mcc.o
 .debug_abbrev    0x000dc7        0x10d build/default/production/mcc_generated_files/traps.o
 .debug_abbrev    0x000ed4        0x10a build/default/production/keyInput.o
 .debug_abbrev    0x000fde        0x186 build/default/production/main.o
 .debug_abbrev    0x001164         0x56 build/default/production/var.o
 .debug_abbrev    0x0011ba         0xd4 build/default/production/i2c_master.o
 .debug_abbrev    0x00128e         0x7e build/default/production/i2c_master_eeprom_24fc256.o
 .debug_abbrev    0x00130c        0x119 build/default/production/ds1302.o
 .debug_abbrev    0x001425         0x14 c:/program files/microchip/xc16/v2.00/bin/bin/../../lib\libc99-pic30-elf.a(fgtge.CH_o)
 .debug_abbrev    0x001439         0x14 c:/program files/microchip/xc16/v2.00/bin/bin/../../lib\libc99-pic30-elf.a(fixsfsi.CH_o)
 .debug_abbrev    0x00144d         0x14 c:/program files/microchip/xc16/v2.00/bin/bin/../../lib\libc99-pic30-elf.a(fixunssfsi.CH_o)
 .debug_abbrev    0x001461         0x14 c:/program files/microchip/xc16/v2.00/bin/bin/../../lib\libc99-pic30-elf.a(floatsisf.CH_o)
 .debug_abbrev    0x001475         0x14 c:/program files/microchip/xc16/v2.00/bin/bin/../../lib\libc99-pic30-elf.a(fne.CH_o)
 .debug_abbrev    0x001489         0x14 c:/program files/microchip/xc16/v2.00/bin/bin/../../lib\libc99-pic30-elf.a(funpack.CH_o)
 .debug_abbrev    0x00149d         0x14 c:/program files/microchip/xc16/v2.00/bin/bin/../../lib\libc99-pic30-elf.a(addsf3x.CH_o)
 .debug_abbrev    0x0014b1         0x14 c:/program files/microchip/xc16/v2.00/bin/bin/../../lib\libc99-pic30-elf.a(divsf3x.CH_o)
 .debug_abbrev    0x0014c5         0x14 c:/program files/microchip/xc16/v2.00/bin/bin/../../lib\libc99-pic30-elf.a(mulsf3x.CH_o)
 .debug_abbrev    0x0014d9         0x14 c:/program files/microchip/xc16/v2.00/bin/bin/../../lib\libc99-pic30-elf.a(dnrmpackfx.CH_o)
 .debug_abbrev    0x0014ed         0x14 c:/program files/microchip/xc16/v2.00/bin/bin/../../lib\libc99-pic30-elf.a(unpackdnrmfx.CH_o)
 .debug_abbrev    0x001501         0x14 c:/program files/microchip/xc16/v2.00/bin/bin/../../lib\libc99-pic30-elf.a(typefx.CH_o)
 .debug_abbrev    0x001515         0x14 c:/program files/microchip/xc16/v2.00/bin/bin/../../lib\libc99-pic30-elf.a(propnanfx.CH_o)
 .debug_abbrev    0x001529         0x14 c:/program files/microchip/xc16/v2.00/bin/bin/../../lib\libc99-pic30-elf.a(spackfx.CH_o)
 .debug_abbrev    0x00153d         0x14 c:/program files/microchip/xc16/v2.00/bin/bin/../../lib\libc99-pic30-elf.a(unpackfx.CH_o)
 .debug_abbrev    0x001551         0x14 c:/program files/microchip/xc16/v2.00/bin/bin/../../lib\libc99-pic30-elf.a(fcompare.CH_o)
 .debug_abbrev    0x001565         0x14 c:/program files/microchip/xc16/v2.00/bin/bin/../../lib\libc99-pic30-elf.a(floatdisf.CH_o)
 .debug_abbrev    0x001579         0x14 c:/program files/microchip/xc16/v2.00/bin/bin/../../lib\libc99-pic30-elf.a(floatundisf.CH_o)
 .debug_abbrev    0x00158d         0x14 c:/program files/microchip/xc16/v2.00/bin/bin/../../lib\libc99-pic30-elf.a(fpack.CH_o)
 .debug_abbrev    0x0015a1         0x14 c:/program files/microchip/xc16/v2.00/bin/bin/../../lib\libc99-pic30-elf.a(funpack2.CH_o)
 .debug_abbrev    0x0015b5         0x14 c:/program files/microchip/xc16/v2.00/bin/bin/../../lib\libc99-pic30-elf.a(extendsfdf.CH_o)
 .debug_abbrev    0x0015c9         0x14 c:/program files/microchip/xc16/v2.00/bin/bin/../../lib\libc99-pic30-elf.a(feqltle.CH_o)
 .debug_abbrev    0x0015dd         0x14 c:/program files/microchip/xc16/v2.00/bin/bin/../../lib\libc99-pic30-elf.a(mulsi3.CH_o)

.debug_line       0x000000       0x34ae
 *(.debug_line)
 .debug_line      0x000000         0x99 build/default/production/mcc_generated_files/drivers/uart.o
 .debug_line      0x000099        0xd95 build/default/production/mcc_generated_files/charlcd1.o
 .debug_line      0x000e2e         0xa6 build/default/production/mcc_generated_files/delay.o
 .debug_line      0x000ed4        0x422 build/default/production/mcc_generated_files/uart1.o
 .debug_line      0x0012f6        0x168 build/default/production/mcc_generated_files/reset.o
 .debug_line      0x00145e        0x124 build/default/production/mcc_generated_files/serial1.o
 .debug_line      0x001582        0x19a build/default/production/mcc_generated_files/tmr1.o
 .debug_line      0x00171c        0x16a build/default/production/mcc_generated_files/system.o
 .debug_line      0x001886        0x137 build/default/production/mcc_generated_files/clock.o
 .debug_line      0x0019bd        0x225 build/default/production/mcc_generated_files/uart2.o
 .debug_line      0x001be2        0x131 build/default/production/mcc_generated_files/interrupt_manager.o
 .debug_line      0x001d13        0x124 build/default/production/mcc_generated_files/serial2.o
 .debug_line      0x001e37        0x13c build/default/production/mcc_generated_files/pin_manager.o
 .debug_line      0x001f73         0x1a build/default/production/mcc_generated_files/mcc.o
 .debug_line      0x001f8d        0x161 build/default/production/mcc_generated_files/traps.o
 .debug_line      0x0020ee        0x1aa build/default/production/keyInput.o
 .debug_line      0x002298        0x47e build/default/production/main.o
 .debug_line      0x002716         0x2c build/default/production/var.o
 .debug_line      0x002742        0x180 build/default/production/i2c_master.o
 .debug_line      0x0028c2         0x5d build/default/production/i2c_master_eeprom_24fc256.o
 .debug_line      0x00291f        0x1a6 build/default/production/ds1302.o
 .debug_line      0x002ac5         0x35 c:/program files/microchip/xc16/v2.00/bin/bin/../../lib\libc99-pic30-elf.a(fgtge.CH_o)
 .debug_line      0x002afa         0x56 c:/program files/microchip/xc16/v2.00/bin/bin/../../lib\libc99-pic30-elf.a(fixsfsi.CH_o)
 .debug_line      0x002b50         0x53 c:/program files/microchip/xc16/v2.00/bin/bin/../../lib\libc99-pic30-elf.a(fixunssfsi.CH_o)
 .debug_line      0x002ba3         0x3a c:/program files/microchip/xc16/v2.00/bin/bin/../../lib\libc99-pic30-elf.a(floatsisf.CH_o)
 .debug_line      0x002bdd         0x33 c:/program files/microchip/xc16/v2.00/bin/bin/../../lib\libc99-pic30-elf.a(fne.CH_o)
 .debug_line      0x002c10         0x4a c:/program files/microchip/xc16/v2.00/bin/bin/../../lib\libc99-pic30-elf.a(funpack.CH_o)
 .debug_line      0x002c5a        0x136 c:/program files/microchip/xc16/v2.00/bin/bin/../../lib\libc99-pic30-elf.a(addsf3x.CH_o)
 .debug_line      0x002d90        0x124 c:/program files/microchip/xc16/v2.00/bin/bin/../../lib\libc99-pic30-elf.a(divsf3x.CH_o)
 .debug_line      0x002eb4         0xcc c:/program files/microchip/xc16/v2.00/bin/bin/../../lib\libc99-pic30-elf.a(mulsf3x.CH_o)
 .debug_line      0x002f80         0x72 c:/program files/microchip/xc16/v2.00/bin/bin/../../lib\libc99-pic30-elf.a(dnrmpackfx.CH_o)
 .debug_line      0x002ff2         0x7a c:/program files/microchip/xc16/v2.00/bin/bin/../../lib\libc99-pic30-elf.a(unpackdnrmfx.CH_o)
 .debug_line      0x00306c         0x5e c:/program files/microchip/xc16/v2.00/bin/bin/../../lib\libc99-pic30-elf.a(typefx.CH_o)
 .debug_line      0x0030ca         0x51 c:/program files/microchip/xc16/v2.00/bin/bin/../../lib\libc99-pic30-elf.a(propnanfx.CH_o)
 .debug_line      0x00311b         0x98 c:/program files/microchip/xc16/v2.00/bin/bin/../../lib\libc99-pic30-elf.a(spackfx.CH_o)
 .debug_line      0x0031b3         0x79 c:/program files/microchip/xc16/v2.00/bin/bin/../../lib\libc99-pic30-elf.a(unpackfx.CH_o)
 .debug_line      0x00322c         0x1a c:/program files/microchip/xc16/v2.00/bin/bin/../../lib\libc99-pic30-elf.a(errno.CH_o)
 .debug_line      0x003246         0x53 c:/program files/microchip/xc16/v2.00/bin/bin/../../lib\libc99-pic30-elf.a(fcompare.CH_o)
 .debug_line      0x003299         0x47 c:/program files/microchip/xc16/v2.00/bin/bin/../../lib\libc99-pic30-elf.a(floatdisf.CH_o)
 .debug_line      0x0032e0         0x6c c:/program files/microchip/xc16/v2.00/bin/bin/../../lib\libc99-pic30-elf.a(floatundisf.CH_o)
 .debug_line      0x00334c         0x5a c:/program files/microchip/xc16/v2.00/bin/bin/../../lib\libc99-pic30-elf.a(fpack.CH_o)
 .debug_line      0x0033a6         0x3e c:/program files/microchip/xc16/v2.00/bin/bin/../../lib\libc99-pic30-elf.a(funpack2.CH_o)
 .debug_line      0x0033e4         0x59 c:/program files/microchip/xc16/v2.00/bin/bin/../../lib\libc99-pic30-elf.a(extendsfdf.CH_o)
 .debug_line      0x00343d         0x37 c:/program files/microchip/xc16/v2.00/bin/bin/../../lib\libc99-pic30-elf.a(feqltle.CH_o)
 .debug_line      0x003474         0x3a c:/program files/microchip/xc16/v2.00/bin/bin/../../lib\libc99-pic30-elf.a(mulsi3.CH_o)

.debug_frame      0x000000       0x1a56
 *(.debug_frame)
 .debug_frame     0x000000        0x646 build/default/production/mcc_generated_files/charlcd1.o
 .debug_frame     0x000646         0x48 build/default/production/mcc_generated_files/delay.o
 .debug_frame     0x00068e        0x3f4 build/default/production/mcc_generated_files/uart1.o
 .debug_frame     0x000a82        0x118 build/default/production/mcc_generated_files/reset.o
 .debug_frame     0x000b9a         0x2e build/default/production/mcc_generated_files/serial1.o
 .debug_frame     0x000bc8        0x18a build/default/production/mcc_generated_files/tmr1.o
 .debug_frame     0x000d52         0x62 build/default/production/mcc_generated_files/system.o
 .debug_frame     0x000db4         0x48 build/default/production/mcc_generated_files/clock.o
 .debug_frame     0x000dfc        0x324 build/default/production/mcc_generated_files/uart2.o
 .debug_frame     0x001120         0x2e build/default/production/mcc_generated_files/interrupt_manager.o
 .debug_frame     0x00114e         0x2e build/default/production/mcc_generated_files/serial2.o
 .debug_frame     0x00117c         0x2e build/default/production/mcc_generated_files/pin_manager.o
 .debug_frame     0x0011aa        0x1bc build/default/production/mcc_generated_files/traps.o
 .debug_frame     0x001366         0x62 build/default/production/keyInput.o
 .debug_frame     0x0013c8        0x464 build/default/production/main.o
 .debug_frame     0x00182c         0x96 build/default/production/i2c_master.o
 .debug_frame     0x0018c2         0x62 build/default/production/i2c_master_eeprom_24fc256.o
 .debug_frame     0x001924        0x132 build/default/production/ds1302.o

.debug_str        0x000000        0x9eb
 *(.debug_str)
 .debug_str       0x000000        0x324 build/default/production/mcc_generated_files/charlcd1.o
 .debug_str       0x000324        0x238 build/default/production/mcc_generated_files/uart1.o
 .debug_str       0x00055c         0x17 build/default/production/mcc_generated_files/reset.o
 .debug_str       0x000573         0x17 build/default/production/mcc_generated_files/serial1.o
 .debug_str       0x00058a         0x59 build/default/production/mcc_generated_files/tmr1.o
 .debug_str       0x0005e3          0xc build/default/production/mcc_generated_files/system.o
 .debug_str       0x0005ef         0x59 build/default/production/mcc_generated_files/clock.o
 .debug_str       0x000648         0xc1 build/default/production/mcc_generated_files/uart2.o
 .debug_str       0x000709         0x41 build/default/production/mcc_generated_files/interrupt_manager.o
 .debug_str       0x00074a         0x17 build/default/production/mcc_generated_files/serial2.o
 .debug_str       0x000761         0x24 build/default/production/mcc_generated_files/traps.o
 .debug_str       0x000785         0x40 build/default/production/keyInput.o
 .debug_str       0x0007c5        0x1da build/default/production/main.o
 .debug_str       0x00099f         0x26 build/default/production/i2c_master.o
 .debug_str       0x0009c5         0x26 build/default/production/ds1302.o

.debug_loc
 *(.debug_loc)

.debug_macinfo
 *(.debug_macinfo)

.debug_pubnames
                  0x000000       0x1a68
 *(.debug_pubnames)
 .debug_pubnames
                  0x000000         0x1b build/default/production/mcc_generated_files/drivers/uart.o
 .debug_pubnames
                  0x00001b        0x6ec build/default/production/mcc_generated_files/charlcd1.o
 .debug_pubnames
                  0x000707         0x40 build/default/production/mcc_generated_files/delay.o
 .debug_pubnames
                  0x000747        0x530 build/default/production/mcc_generated_files/uart1.o
 .debug_pubnames
                  0x000c77         0x54 build/default/production/mcc_generated_files/reset.o
 .debug_pubnames
                  0x000ccb         0x29 build/default/production/mcc_generated_files/serial1.o
 .debug_pubnames
                  0x000cf4        0x156 build/default/production/mcc_generated_files/tmr1.o
 .debug_pubnames
                  0x000e4a         0x28 build/default/production/mcc_generated_files/system.o
 .debug_pubnames
                  0x000e72         0x45 build/default/production/mcc_generated_files/clock.o
 .debug_pubnames
                  0x000eb7        0x296 build/default/production/mcc_generated_files/uart2.o
 .debug_pubnames
                  0x00114d         0x2b build/default/production/mcc_generated_files/interrupt_manager.o
 .debug_pubnames
                  0x001178         0x29 build/default/production/mcc_generated_files/serial2.o
 .debug_pubnames
                  0x0011a1         0x2d build/default/production/mcc_generated_files/pin_manager.o
 .debug_pubnames
                  0x0011ce         0x95 build/default/production/mcc_generated_files/traps.o
 .debug_pubnames
                  0x001263         0x84 build/default/production/keyInput.o
 .debug_pubnames
                  0x0012e7        0x114 build/default/production/main.o
 .debug_pubnames
                  0x0013fb        0x427 build/default/production/var.o
 .debug_pubnames
                  0x001822         0x5a build/default/production/i2c_master.o
 .debug_pubnames
                  0x00187c         0x40 build/default/production/i2c_master_eeprom_24fc256.o
 .debug_pubnames
                  0x0018bc        0x1ac build/default/production/ds1302.o

.debug_ranges
 *(.debug_ranges)

.debug_aranges    0x000000        0x410
 *(.debug_aranges)
 .debug_aranges
                  0x000000         0x18 build/default/production/mcc_generated_files/charlcd1.o
 .debug_aranges
                  0x000018         0x18 build/default/production/mcc_generated_files/delay.o
 .debug_aranges
                  0x000030         0x20 build/default/production/mcc_generated_files/uart1.o
 .debug_aranges
                  0x000050         0x18 build/default/production/mcc_generated_files/reset.o
 .debug_aranges
                  0x000068         0x18 build/default/production/mcc_generated_files/serial1.o
 .debug_aranges
                  0x000080         0x18 build/default/production/mcc_generated_files/tmr1.o
 .debug_aranges
                  0x000098         0x18 build/default/production/mcc_generated_files/system.o
 .debug_aranges
                  0x0000b0         0x18 build/default/production/mcc_generated_files/clock.o
 .debug_aranges
                  0x0000c8         0x18 build/default/production/mcc_generated_files/uart2.o
 .debug_aranges
                  0x0000e0         0x18 build/default/production/mcc_generated_files/interrupt_manager.o
 .debug_aranges
                  0x0000f8         0x18 build/default/production/mcc_generated_files/serial2.o
 .debug_aranges
                  0x000110         0x18 build/default/production/mcc_generated_files/pin_manager.o
 .debug_aranges
                  0x000128         0x48 build/default/production/mcc_generated_files/traps.o
 .debug_aranges
                  0x000170         0x18 build/default/production/keyInput.o
 .debug_aranges
                  0x000188         0x18 build/default/production/main.o
 .debug_aranges
                  0x0001a0         0x18 build/default/production/i2c_master.o
 .debug_aranges
                  0x0001b8         0x18 build/default/production/i2c_master_eeprom_24fc256.o
 .debug_aranges
                  0x0001d0         0x18 build/default/production/ds1302.o
 .debug_aranges
                  0x0001e8         0x18 c:/program files/microchip/xc16/v2.00/bin/bin/../../lib\libc99-pic30-elf.a(fgtge.CH_o)
 .debug_aranges
                  0x000200         0x18 c:/program files/microchip/xc16/v2.00/bin/bin/../../lib\libc99-pic30-elf.a(fixsfsi.CH_o)
 .debug_aranges
                  0x000218         0x18 c:/program files/microchip/xc16/v2.00/bin/bin/../../lib\libc99-pic30-elf.a(fixunssfsi.CH_o)
 .debug_aranges
                  0x000230         0x18 c:/program files/microchip/xc16/v2.00/bin/bin/../../lib\libc99-pic30-elf.a(floatsisf.CH_o)
 .debug_aranges
                  0x000248         0x18 c:/program files/microchip/xc16/v2.00/bin/bin/../../lib\libc99-pic30-elf.a(fne.CH_o)
 .debug_aranges
                  0x000260         0x18 c:/program files/microchip/xc16/v2.00/bin/bin/../../lib\libc99-pic30-elf.a(funpack.CH_o)
 .debug_aranges
                  0x000278         0x18 c:/program files/microchip/xc16/v2.00/bin/bin/../../lib\libc99-pic30-elf.a(addsf3x.CH_o)
 .debug_aranges
                  0x000290         0x18 c:/program files/microchip/xc16/v2.00/bin/bin/../../lib\libc99-pic30-elf.a(divsf3x.CH_o)
 .debug_aranges
                  0x0002a8         0x18 c:/program files/microchip/xc16/v2.00/bin/bin/../../lib\libc99-pic30-elf.a(mulsf3x.CH_o)
 .debug_aranges
                  0x0002c0         0x18 c:/program files/microchip/xc16/v2.00/bin/bin/../../lib\libc99-pic30-elf.a(dnrmpackfx.CH_o)
 .debug_aranges
                  0x0002d8         0x18 c:/program files/microchip/xc16/v2.00/bin/bin/../../lib\libc99-pic30-elf.a(unpackdnrmfx.CH_o)
 .debug_aranges
                  0x0002f0         0x18 c:/program files/microchip/xc16/v2.00/bin/bin/../../lib\libc99-pic30-elf.a(typefx.CH_o)
 .debug_aranges
                  0x000308         0x18 c:/program files/microchip/xc16/v2.00/bin/bin/../../lib\libc99-pic30-elf.a(propnanfx.CH_o)
 .debug_aranges
                  0x000320         0x18 c:/program files/microchip/xc16/v2.00/bin/bin/../../lib\libc99-pic30-elf.a(spackfx.CH_o)
 .debug_aranges
                  0x000338         0x18 c:/program files/microchip/xc16/v2.00/bin/bin/../../lib\libc99-pic30-elf.a(unpackfx.CH_o)
 .debug_aranges
                  0x000350         0x18 c:/program files/microchip/xc16/v2.00/bin/bin/../../lib\libc99-pic30-elf.a(fcompare.CH_o)
 .debug_aranges
                  0x000368         0x18 c:/program files/microchip/xc16/v2.00/bin/bin/../../lib\libc99-pic30-elf.a(floatdisf.CH_o)
 .debug_aranges
                  0x000380         0x18 c:/program files/microchip/xc16/v2.00/bin/bin/../../lib\libc99-pic30-elf.a(floatundisf.CH_o)
 .debug_aranges
                  0x000398         0x18 c:/program files/microchip/xc16/v2.00/bin/bin/../../lib\libc99-pic30-elf.a(fpack.CH_o)
 .debug_aranges
                  0x0003b0         0x18 c:/program files/microchip/xc16/v2.00/bin/bin/../../lib\libc99-pic30-elf.a(funpack2.CH_o)
 .debug_aranges
                  0x0003c8         0x18 c:/program files/microchip/xc16/v2.00/bin/bin/../../lib\libc99-pic30-elf.a(extendsfdf.CH_o)
 .debug_aranges
                  0x0003e0         0x18 c:/program files/microchip/xc16/v2.00/bin/bin/../../lib\libc99-pic30-elf.a(feqltle.CH_o)
 .debug_aranges
                  0x0003f8         0x18 c:/program files/microchip/xc16/v2.00/bin/bin/../../lib\libc99-pic30-elf.a(mulsi3.CH_o)
                    0x0000                  WREG0 = 0x0
                    0x0000                  _WREG0 = 0x0
                    0x0002                  WREG1 = 0x2
                    0x0002                  _WREG1 = 0x2
                    0x0004                  WREG2 = 0x4
                    0x0004                  _WREG2 = 0x4
                    0x0006                  WREG3 = 0x6
                    0x0006                  _WREG3 = 0x6
                    0x0008                  WREG4 = 0x8
                    0x0008                  _WREG4 = 0x8
                    0x000a                  WREG5 = 0xa
                    0x000a                  _WREG5 = 0xa
                    0x000c                  WREG6 = 0xc
                    0x000c                  _WREG6 = 0xc
                    0x000e                  WREG7 = 0xe
                    0x000e                  _WREG7 = 0xe
                    0x0010                  WREG8 = 0x10
                    0x0010                  _WREG8 = 0x10
                    0x0012                  WREG9 = 0x12
                    0x0012                  _WREG9 = 0x12
                    0x0014                  WREG10 = 0x14
                    0x0014                  _WREG10 = 0x14
                    0x0016                  WREG11 = 0x16
                    0x0016                  _WREG11 = 0x16
                    0x0018                  WREG12 = 0x18
                    0x0018                  _WREG12 = 0x18
                    0x001a                  WREG13 = 0x1a
                    0x001a                  _WREG13 = 0x1a
                    0x001c                  WREG14 = 0x1c
                    0x001c                  _WREG14 = 0x1c
                    0x001e                  WREG15 = 0x1e
                    0x001e                  _WREG15 = 0x1e
                    0x0020                  SPLIM = 0x20
                    0x0020                  _SPLIM = 0x20
                    0x0022                  ACCAL = 0x22
                    0x0022                  _ACCAL = 0x22
                    0x0024                  ACCAH = 0x24
                    0x0024                  _ACCAH = 0x24
                    0x0026                  ACCAU = 0x26
                    0x0026                  _ACCAU = 0x26
                    0x0028                  ACCBL = 0x28
                    0x0028                  _ACCBL = 0x28
                    0x002a                  ACCBH = 0x2a
                    0x002a                  _ACCBH = 0x2a
                    0x002c                  ACCBU = 0x2c
                    0x002c                  _ACCBU = 0x2c
                    0x002e                  PCL = 0x2e
                    0x002e                  _PCL = 0x2e
                    0x0030                  PCH = 0x30
                    0x0030                  _PCH = 0x30
                    0x0032                  DSRPAG = 0x32
                    0x0032                  _DSRPAG = 0x32
                    0x0032                  _DSRPAGbits = 0x32
                    0x0034                  DSWPAG = 0x34
                    0x0034                  _DSWPAG = 0x34
                    0x0034                  _DSWPAGbits = 0x34
                    0x0036                  RCOUNT = 0x36
                    0x0036                  _RCOUNT = 0x36
                    0x0038                  DCOUNT = 0x38
                    0x0038                  _DCOUNT = 0x38
                    0x003a                  DOSTARTL = 0x3a
                    0x003a                  _DOSTARTL = 0x3a
                    0x003c                  DOSTARTH = 0x3c
                    0x003c                  _DOSTARTH = 0x3c
                    0x003e                  DOENDL = 0x3e
                    0x003e                  _DOENDL = 0x3e
                    0x0040                  DOENDH = 0x40
                    0x0040                  _DOENDH = 0x40
                    0x0042                  SR = 0x42
                    0x0042                  _SR = 0x42
                    0x0042                  _SRbits = 0x42
                    0x0044                  CORCON = 0x44
                    0x0044                  _CORCON = 0x44
                    0x0044                  _CORCONbits = 0x44
                    0x0046                  MODCON = 0x46
                    0x0046                  _MODCON = 0x46
                    0x0046                  _MODCONbits = 0x46
                    0x0048                  XMODSRT = 0x48
                    0x0048                  _XMODSRT = 0x48
                    0x004a                  XMODEND = 0x4a
                    0x004a                  _XMODEND = 0x4a
                    0x004c                  YMODSRT = 0x4c
                    0x004c                  _YMODSRT = 0x4c
                    0x004e                  YMODEND = 0x4e
                    0x004e                  _YMODEND = 0x4e
                    0x0050                  XBREV = 0x50
                    0x0050                  _XBREV = 0x50
                    0x0050                  _XBREVbits = 0x50
                    0x0052                  DISICNT = 0x52
                    0x0052                  _DISICNT = 0x52
                    0x0054                  TBLPAG = 0x54
                    0x0054                  _TBLPAG = 0x54
                    0x0054                  _TBLPAGbits = 0x54
                    0x0056                  YPAG = 0x56
                    0x0056                  _YPAG = 0x56
                    0x0056                  _YPAGbits = 0x56
                    0x0058                  MSTRPR = 0x58
                    0x0058                  _MSTRPR = 0x58
                    0x0058                  _MSTRPRbits = 0x58
                    0x005a                  CTXTSTAT = 0x5a
                    0x005a                  _CTXTSTAT = 0x5a
                    0x005a                  _CTXTSTATbits = 0x5a
                    0x005c                  DMTCON = 0x5c
                    0x005c                  _DMTCON = 0x5c
                    0x005c                  _DMTCONbits = 0x5c
                    0x0060                  DMTPRECLR = 0x60
                    0x0060                  _DMTPRECLR = 0x60
                    0x0060                  _DMTPRECLRbits = 0x60
                    0x0064                  DMTCLR = 0x64
                    0x0064                  _DMTCLR = 0x64
                    0x0064                  _DMTCLRbits = 0x64
                    0x0068                  DMTSTAT = 0x68
                    0x0068                  _DMTSTAT = 0x68
                    0x0068                  _DMTSTATbits = 0x68
                    0x006c                  DMTCNTL = 0x6c
                    0x006c                  _DMTCNTL = 0x6c
                    0x006e                  DMTCNTH = 0x6e
                    0x006e                  _DMTCNTH = 0x6e
                    0x0070                  DMTHOLDREG = 0x70
                    0x0070                  _DMTHOLDREG = 0x70
                    0x0074                  DMTPSCNTL = 0x74
                    0x0074                  _DMTPSCNTL = 0x74
                    0x0076                  DMTPSCNTH = 0x76
                    0x0076                  _DMTPSCNTH = 0x76
                    0x0078                  DMTPSINTVL = 0x78
                    0x0078                  _DMTPSINTVL = 0x78
                    0x007a                  DMTPSINTVH = 0x7a
                    0x007a                  _DMTPSINTVH = 0x7a
                    0x0080                  SENT1CON1 = 0x80
                    0x0080                  _SENT1CON1 = 0x80
                    0x0080                  _SENT1CON1bits = 0x80
                    0x0084                  SENT1CON2 = 0x84
                    0x0084                  _SENT1CON2 = 0x84
                    0x0088                  SENT1CON3 = 0x88
                    0x0088                  _SENT1CON3 = 0x88
                    0x008c                  SENT1STAT = 0x8c
                    0x008c                  _SENT1STAT = 0x8c
                    0x008c                  _SENT1STATbits = 0x8c
                    0x0090                  SENT1SYNC = 0x90
                    0x0090                  _SENT1SYNC = 0x90
                    0x0094                  SENT1DATL = 0x94
                    0x0094                  _SENT1DATL = 0x94
                    0x0094                  _SENT1DATLbits = 0x94
                    0x0096                  SENT1DATH = 0x96
                    0x0096                  _SENT1DATH = 0x96
                    0x0096                  _SENT1DATHbits = 0x96
                    0x0098                  SENT2CON1 = 0x98
                    0x0098                  _SENT2CON1 = 0x98
                    0x0098                  _SENT2CON1bits = 0x98
                    0x009c                  SENT2CON2 = 0x9c
                    0x009c                  _SENT2CON2 = 0x9c
                    0x00a0                  SENT2CON3 = 0xa0
                    0x00a0                  _SENT2CON3 = 0xa0
                    0x00a4                  SENT2STAT = 0xa4
                    0x00a4                  _SENT2STAT = 0xa4
                    0x00a4                  _SENT2STATbits = 0xa4
                    0x00a8                  SENT2SYNC = 0xa8
                    0x00a8                  _SENT2SYNC = 0xa8
                    0x00ac                  SENT2DATL = 0xac
                    0x00ac                  _SENT2DATL = 0xac
                    0x00ac                  _SENT2DATLbits = 0xac
                    0x00ae                  SENT2DATH = 0xae
                    0x00ae                  _SENT2DATH = 0xae
                    0x00ae                  _SENT2DATHbits = 0xae
                    0x00b0                  CRCCON1 = 0xb0
                    0x00b0                  _CRCCON1 = 0xb0
                    0x00b0                  _CRCCON1bits = 0xb0
                    0x00b0                  CRCCONL = 0xb0
                    0x00b0                  _CRCCONL = 0xb0
                    0x00b0                  _CRCCONLbits = 0xb0
                    0x00b2                  CRCCON2 = 0xb2
                    0x00b2                  _CRCCON2 = 0xb2
                    0x00b2                  _CRCCON2bits = 0xb2
                    0x00b2                  CRCCONH = 0xb2
                    0x00b2                  _CRCCONH = 0xb2
                    0x00b2                  _CRCCONHbits = 0xb2
                    0x00b4                  CRCXORL = 0xb4
                    0x00b4                  _CRCXORL = 0xb4
                    0x00b4                  _CRCXORLbits = 0xb4
                    0x00b6                  CRCXORH = 0xb6
                    0x00b6                  _CRCXORH = 0xb6
                    0x00b6                  _CRCXORHbits = 0xb6
                    0x00b8                  CRCDATL = 0xb8
                    0x00b8                  _CRCDATL = 0xb8
                    0x00ba                  CRCDATH = 0xba
                    0x00ba                  _CRCDATH = 0xba
                    0x00bc                  CRCWDATL = 0xbc
                    0x00bc                  _CRCWDATL = 0xbc
                    0x00be                  CRCWDATH = 0xbe
                    0x00be                  _CRCWDATH = 0xbe
                    0x00c0                  CLC1CONL = 0xc0
                    0x00c0                  _CLC1CONL = 0xc0
                    0x00c0                  _CLC1CONLbits = 0xc0
                    0x00c2                  CLC1CONH = 0xc2
                    0x00c2                  _CLC1CONH = 0xc2
                    0x00c2                  _CLC1CONHbits = 0xc2
                    0x00c4                  CLC1SEL = 0xc4
                    0x00c4                  _CLC1SEL = 0xc4
                    0x00c4                  _CLC1SELbits = 0xc4
                    0x00c4                  CLC1SELL = 0xc4
                    0x00c4                  _CLC1SELL = 0xc4
                    0x00c4                  _CLC1SELLbits = 0xc4
                    0x00c8                  CLC1GLSL = 0xc8
                    0x00c8                  _CLC1GLSL = 0xc8
                    0x00c8                  _CLC1GLSLbits = 0xc8
                    0x00ca                  CLC1GLSH = 0xca
                    0x00ca                  _CLC1GLSH = 0xca
                    0x00ca                  _CLC1GLSHbits = 0xca
                    0x00cc                  CLC2CONL = 0xcc
                    0x00cc                  _CLC2CONL = 0xcc
                    0x00cc                  _CLC2CONLbits = 0xcc
                    0x00ce                  CLC2CONH = 0xce
                    0x00ce                  _CLC2CONH = 0xce
                    0x00ce                  _CLC2CONHbits = 0xce
                    0x00d0                  CLC2SEL = 0xd0
                    0x00d0                  _CLC2SEL = 0xd0
                    0x00d0                  _CLC2SELbits = 0xd0
                    0x00d0                  CLC2SELL = 0xd0
                    0x00d0                  _CLC2SELL = 0xd0
                    0x00d0                  _CLC2SELLbits = 0xd0
                    0x00d4                  CLC2GLSL = 0xd4
                    0x00d4                  _CLC2GLSL = 0xd4
                    0x00d4                  _CLC2GLSLbits = 0xd4
                    0x00d6                  CLC2GLSH = 0xd6
                    0x00d6                  _CLC2GLSH = 0xd6
                    0x00d6                  _CLC2GLSHbits = 0xd6
                    0x00d8                  CLC3CONL = 0xd8
                    0x00d8                  _CLC3CONL = 0xd8
                    0x00d8                  _CLC3CONLbits = 0xd8
                    0x00da                  CLC3CONH = 0xda
                    0x00da                  _CLC3CONH = 0xda
                    0x00da                  _CLC3CONHbits = 0xda
                    0x00dc                  CLC3SEL = 0xdc
                    0x00dc                  _CLC3SEL = 0xdc
                    0x00dc                  _CLC3SELbits = 0xdc
                    0x00dc                  CLC3SELL = 0xdc
                    0x00dc                  _CLC3SELL = 0xdc
                    0x00dc                  _CLC3SELLbits = 0xdc
                    0x00e0                  CLC3GLSL = 0xe0
                    0x00e0                  _CLC3GLSL = 0xe0
                    0x00e0                  _CLC3GLSLbits = 0xe0
                    0x00e2                  CLC3GLSH = 0xe2
                    0x00e2                  _CLC3GLSH = 0xe2
                    0x00e2                  _CLC3GLSHbits = 0xe2
                    0x00e4                  CLC4CONL = 0xe4
                    0x00e4                  _CLC4CONL = 0xe4
                    0x00e4                  _CLC4CONLbits = 0xe4
                    0x00e6                  CLC4CONH = 0xe6
                    0x00e6                  _CLC4CONH = 0xe6
                    0x00e6                  _CLC4CONHbits = 0xe6
                    0x00e8                  CLC4SEL = 0xe8
                    0x00e8                  _CLC4SEL = 0xe8
                    0x00e8                  _CLC4SELbits = 0xe8
                    0x00e8                  CLC4SELL = 0xe8
                    0x00e8                  _CLC4SELL = 0xe8
                    0x00e8                  _CLC4SELLbits = 0xe8
                    0x00ec                  CLC4GLSL = 0xec
                    0x00ec                  _CLC4GLSL = 0xec
                    0x00ec                  _CLC4GLSLbits = 0xec
                    0x00ee                  CLC4GLSH = 0xee
                    0x00ee                  _CLC4GLSH = 0xee
                    0x00ee                  _CLC4GLSHbits = 0xee
                    0x00f0                  ECCCONL = 0xf0
                    0x00f0                  _ECCCONL = 0xf0
                    0x00f0                  _ECCCONLbits = 0xf0
                    0x00f2                  ECCCONH = 0xf2
                    0x00f2                  _ECCCONH = 0xf2
                    0x00f2                  _ECCCONHbits = 0xf2
                    0x00f4                  ECCADDRL = 0xf4
                    0x00f4                  _ECCADDRL = 0xf4
                    0x00f6                  ECCADDRH = 0xf6
                    0x00f6                  _ECCADDRH = 0xf6
                    0x00f8                  ECCSTATL = 0xf8
                    0x00f8                  _ECCSTATL = 0xf8
                    0x00f8                  _ECCSTATLbits = 0xf8
                    0x00fa                  ECCSTATH = 0xfa
                    0x00fa                  _ECCSTATH = 0xfa
                    0x00fa                  _ECCSTATHbits = 0xfa
                    0x0100                  T1CON = 0x100
                    0x0100                  _T1CON = 0x100
                    0x0100                  _T1CONbits = 0x100
                    0x0104                  TMR1 = 0x104
                    0x0104                  _TMR1 = 0x104
                    0x0108                  PR1 = 0x108
                    0x0108                  _PR1 = 0x108
                    0x0140                  QEI1CON = 0x140
                    0x0140                  _QEI1CON = 0x140
                    0x0140                  _QEI1CONbits = 0x140
                    0x0144                  QEI1IOC = 0x144
                    0x0144                  _QEI1IOC = 0x144
                    0x0144                  _QEI1IOCbits = 0x144
                    0x0146                  QEI1IOCH = 0x146
                    0x0146                  _QEI1IOCH = 0x146
                    0x0146                  _QEI1IOCHbits = 0x146
                    0x0148                  QEI1STAT = 0x148
                    0x0148                  _QEI1STAT = 0x148
                    0x0148                  _QEI1STATbits = 0x148
                    0x014c                  POS1CNTL = 0x14c
                    0x014c                  _POS1CNTL = 0x14c
                    0x014e                  POS1CNTH = 0x14e
                    0x014e                  _POS1CNTH = 0x14e
                    0x0152                  POS1HLD = 0x152
                    0x0152                  _POS1HLD = 0x152
                    0x0154                  VEL1CNT = 0x154
                    0x0154                  _VEL1CNT = 0x154
                    0x0156                  VEL1CNTH = 0x156
                    0x0156                  _VEL1CNTH = 0x156
                    0x015a                  VEL1HLD = 0x15a
                    0x015a                  _VEL1HLD = 0x15a
                    0x015c                  INT1TMRL = 0x15c
                    0x015c                  _INT1TMRL = 0x15c
                    0x015e                  INT1TMRH = 0x15e
                    0x015e                  _INT1TMRH = 0x15e
                    0x0160                  INT1HLDL = 0x160
                    0x0160                  _INT1HLDL = 0x160
                    0x0162                  INT1HLDH = 0x162
                    0x0162                  _INT1HLDH = 0x162
                    0x0164                  INDX1CNTL = 0x164
                    0x0164                  _INDX1CNTL = 0x164
                    0x0166                  INDX1CNTH = 0x166
                    0x0166                  _INDX1CNTH = 0x166
                    0x016a                  INDX1HLD = 0x16a
                    0x016a                  _INDX1HLD = 0x16a
                    0x016c                  QEI1GECL = 0x16c
                    0x016c                  _QEI1GECL = 0x16c
                    0x016c                  QEI1ICL = 0x16c
                    0x016c                  _QEI1ICL = 0x16c
                    0x016e                  QEI1GECH = 0x16e
                    0x016e                  _QEI1GECH = 0x16e
                    0x016e                  QEI1ICH = 0x16e
                    0x016e                  _QEI1ICH = 0x16e
                    0x0170                  QEI1LECL = 0x170
                    0x0170                  _QEI1LECL = 0x170
                    0x0172                  QEI1LECH = 0x172
                    0x0172                  _QEI1LECH = 0x172
                    0x01d2                  MSI1CON = 0x1d2
                    0x01d2                  _MSI1CON = 0x1d2
                    0x01d2                  _MSI1CONbits = 0x1d2
                    0x01d4                  MSI1STAT = 0x1d4
                    0x01d4                  _MSI1STAT = 0x1d4
                    0x01d4                  _MSI1STATbits = 0x1d4
                    0x01d6                  MSI1KEY = 0x1d6
                    0x01d6                  _MSI1KEY = 0x1d6
                    0x01d6                  _MSI1KEYbits = 0x1d6
                    0x01d8                  MSI1MBXS = 0x1d8
                    0x01d8                  _MSI1MBXS = 0x1d8
                    0x01d8                  _MSI1MBXSbits = 0x1d8
                    0x01da                  MSI1MBX0D = 0x1da
                    0x01da                  _MSI1MBX0D = 0x1da
                    0x01da                  _MSI1MBX0Dbits = 0x1da
                    0x01dc                  MSI1MBX1D = 0x1dc
                    0x01dc                  _MSI1MBX1D = 0x1dc
                    0x01dc                  _MSI1MBX1Dbits = 0x1dc
                    0x01de                  MSI1MBX2D = 0x1de
                    0x01de                  _MSI1MBX2D = 0x1de
                    0x01de                  _MSI1MBX2Dbits = 0x1de
                    0x01e0                  MSI1MBX3D = 0x1e0
                    0x01e0                  _MSI1MBX3D = 0x1e0
                    0x01e0                  _MSI1MBX3Dbits = 0x1e0
                    0x01e2                  MSI1MBX4D = 0x1e2
                    0x01e2                  _MSI1MBX4D = 0x1e2
                    0x01e2                  _MSI1MBX4Dbits = 0x1e2
                    0x01e4                  MSI1MBX5D = 0x1e4
                    0x01e4                  _MSI1MBX5D = 0x1e4
                    0x01e4                  _MSI1MBX5Dbits = 0x1e4
                    0x01e6                  MSI1MBX6D = 0x1e6
                    0x01e6                  _MSI1MBX6D = 0x1e6
                    0x01e6                  _MSI1MBX6Dbits = 0x1e6
                    0x01e8                  MSI1MBX7D = 0x1e8
                    0x01e8                  _MSI1MBX7D = 0x1e8
                    0x01e8                  _MSI1MBX7Dbits = 0x1e8
                    0x01ea                  MSI1MBX8D = 0x1ea
                    0x01ea                  _MSI1MBX8D = 0x1ea
                    0x01ea                  _MSI1MBX8Dbits = 0x1ea
                    0x01ec                  MSI1MBX9D = 0x1ec
                    0x01ec                  _MSI1MBX9D = 0x1ec
                    0x01ec                  _MSI1MBX9Dbits = 0x1ec
                    0x01ee                  MSI1MBX10D = 0x1ee
                    0x01ee                  _MSI1MBX10D = 0x1ee
                    0x01ee                  _MSI1MBX10Dbits = 0x1ee
                    0x01f0                  MSI1MBX11D = 0x1f0
                    0x01f0                  _MSI1MBX11D = 0x1f0
                    0x01f0                  _MSI1MBX11Dbits = 0x1f0
                    0x01f2                  MSI1MBX12D = 0x1f2
                    0x01f2                  _MSI1MBX12D = 0x1f2
                    0x01f2                  _MSI1MBX12Dbits = 0x1f2
                    0x01f4                  MSI1MBX13D = 0x1f4
                    0x01f4                  _MSI1MBX13D = 0x1f4
                    0x01f4                  _MSI1MBX13Dbits = 0x1f4
                    0x01f6                  MSI1MBX14D = 0x1f6
                    0x01f6                  _MSI1MBX14D = 0x1f6
                    0x01f6                  _MSI1MBX14Dbits = 0x1f6
                    0x01f8                  MSI1MBX15D = 0x1f8
                    0x01f8                  _MSI1MBX15D = 0x1f8
                    0x01f8                  _MSI1MBX15Dbits = 0x1f8
                    0x01fa                  MSI1FIFOCS = 0x1fa
                    0x01fa                  _MSI1FIFOCS = 0x1fa
                    0x01fa                  _MSI1FIFOCSbits = 0x1fa
                    0x01fc                  MRSWFDATA = 0x1fc
                    0x01fc                  _MRSWFDATA = 0x1fc
                    0x01fc                  _MRSWFDATAbits = 0x1fc
                    0x01fe                  MWSRFDATA = 0x1fe
                    0x01fe                  _MWSRFDATA = 0x1fe
                    0x01fe                  _MWSRFDATAbits = 0x1fe
                    0x0200                  I2C1CON1 = 0x200
                    0x0200                  _I2C1CON1 = 0x200
                    0x0200                  _I2C1CON1bits = 0x200
                    0x0200                  I2C1CONL = 0x200
                    0x0200                  _I2C1CONL = 0x200
                    0x0200                  _I2C1CONLbits = 0x200
                    0x0202                  I2C1CON2 = 0x202
                    0x0202                  _I2C1CON2 = 0x202
                    0x0202                  _I2C1CON2bits = 0x202
                    0x0202                  I2C1CONH = 0x202
                    0x0202                  _I2C1CONH = 0x202
                    0x0202                  _I2C1CONHbits = 0x202
                    0x0204                  I2C1STAT = 0x204
                    0x0204                  _I2C1STAT = 0x204
                    0x0204                  _I2C1STATbits = 0x204
                    0x0208                  I2C1ADD = 0x208
                    0x0208                  _I2C1ADD = 0x208
                    0x0208                  _I2C1ADDbits = 0x208
                    0x020c                  I2C1MSK = 0x20c
                    0x020c                  _I2C1MSK = 0x20c
                    0x020c                  _I2C1MSKbits = 0x20c
                    0x0210                  I2C1BRG = 0x210
                    0x0210                  _I2C1BRG = 0x210
                    0x0214                  I2C1TRN = 0x214
                    0x0214                  _I2C1TRN = 0x214
                    0x0214                  _I2C1TRNbits = 0x214
                    0x0218                  I2C1RCV = 0x218
                    0x0218                  _I2C1RCV = 0x218
                    0x0218                  _I2C1RCVbits = 0x218
                    0x021c                  I2C2CON1 = 0x21c
                    0x021c                  _I2C2CON1 = 0x21c
                    0x021c                  _I2C2CON1bits = 0x21c
                    0x021c                  I2C2CONL = 0x21c
                    0x021c                  _I2C2CONL = 0x21c
                    0x021c                  _I2C2CONLbits = 0x21c
                    0x021e                  I2C2CON2 = 0x21e
                    0x021e                  _I2C2CON2 = 0x21e
                    0x021e                  _I2C2CON2bits = 0x21e
                    0x021e                  I2C2CONH = 0x21e
                    0x021e                  _I2C2CONH = 0x21e
                    0x021e                  _I2C2CONHbits = 0x21e
                    0x0220                  I2C2STAT = 0x220
                    0x0220                  _I2C2STAT = 0x220
                    0x0220                  _I2C2STATbits = 0x220
                    0x0224                  I2C2ADD = 0x224
                    0x0224                  _I2C2ADD = 0x224
                    0x0224                  _I2C2ADDbits = 0x224
                    0x0228                  I2C2MSK = 0x228
                    0x0228                  _I2C2MSK = 0x228
                    0x0228                  _I2C2MSKbits = 0x228
                    0x022c                  I2C2BRG = 0x22c
                    0x022c                  _I2C2BRG = 0x22c
                    0x0230                  I2C2TRN = 0x230
                    0x0230                  _I2C2TRN = 0x230
                    0x0230                  _I2C2TRNbits = 0x230
                    0x0234                  I2C2RCV = 0x234
                    0x0234                  _I2C2RCV = 0x234
                    0x0234                  _I2C2RCVbits = 0x234
                    0x0238                  U1MODE = 0x238
                    0x0238                  _U1MODE = 0x238
                    0x0238                  _U1MODEbits = 0x238
                    0x023a                  U1MODEH = 0x23a
                    0x023a                  _U1MODEH = 0x23a
                    0x023a                  _U1MODEHbits = 0x23a
                    0x023c                  U1STA = 0x23c
                    0x023c                  _U1STA = 0x23c
                    0x023c                  _U1STAbits = 0x23c
                    0x023e                  U1STAH = 0x23e
                    0x023e                  _U1STAH = 0x23e
                    0x023e                  _U1STAHbits = 0x23e
                    0x0240                  U1BRG = 0x240
                    0x0240                  _U1BRG = 0x240
                    0x0240                  _U1BRGbits = 0x240
                    0x0242                  U1BRGH = 0x242
                    0x0242                  _U1BRGH = 0x242
                    0x0242                  _U1BRGHbits = 0x242
                    0x0244                  U1RXREG = 0x244
                    0x0244                  _U1RXREG = 0x244
                    0x0244                  _U1RXREGbits = 0x244
                    0x0248                  U1TXREG = 0x248
                    0x0248                  _U1TXREG = 0x248
                    0x0248                  _U1TXREGbits = 0x248
                    0x024c                  U1P1 = 0x24c
                    0x024c                  _U1P1 = 0x24c
                    0x024c                  _U1P1bits = 0x24c
                    0x024e                  U1P2 = 0x24e
                    0x024e                  _U1P2 = 0x24e
                    0x024e                  _U1P2bits = 0x24e
                    0x0250                  U1P3 = 0x250
                    0x0250                  _U1P3 = 0x250
                    0x0250                  _U1P3bits = 0x250
                    0x0252                  U1P3H = 0x252
                    0x0252                  _U1P3H = 0x252
                    0x0252                  _U1P3Hbits = 0x252
                    0x0254                  U1TXCHK = 0x254
                    0x0254                  _U1TXCHK = 0x254
                    0x0254                  _U1TXCHKbits = 0x254
                    0x0256                  U1RXCHK = 0x256
                    0x0256                  _U1RXCHK = 0x256
                    0x0256                  _U1RXCHKbits = 0x256
                    0x0258                  U1SCCON = 0x258
                    0x0258                  _U1SCCON = 0x258
                    0x0258                  _U1SCCONbits = 0x258
                    0x025a                  U1SCINT = 0x25a
                    0x025a                  _U1SCINT = 0x25a
                    0x025a                  _U1SCINTbits = 0x25a
                    0x025c                  U1INT = 0x25c
                    0x025c                  _U1INT = 0x25c
                    0x025c                  _U1INTbits = 0x25c
                    0x0260                  U2MODE = 0x260
                    0x0260                  _U2MODE = 0x260
                    0x0260                  _U2MODEbits = 0x260
                    0x0262                  U2MODEH = 0x262
                    0x0262                  _U2MODEH = 0x262
                    0x0262                  _U2MODEHbits = 0x262
                    0x0264                  U2STA = 0x264
                    0x0264                  _U2STA = 0x264
                    0x0264                  _U2STAbits = 0x264
                    0x0266                  U2STAH = 0x266
                    0x0266                  _U2STAH = 0x266
                    0x0266                  _U2STAHbits = 0x266
                    0x0268                  U2BRG = 0x268
                    0x0268                  _U2BRG = 0x268
                    0x0268                  _U2BRGbits = 0x268
                    0x026a                  U2BRGH = 0x26a
                    0x026a                  _U2BRGH = 0x26a
                    0x026a                  _U2BRGHbits = 0x26a
                    0x026c                  U2RXREG = 0x26c
                    0x026c                  _U2RXREG = 0x26c
                    0x026c                  _U2RXREGbits = 0x26c
                    0x0270                  U2TXREG = 0x270
                    0x0270                  _U2TXREG = 0x270
                    0x0270                  _U2TXREGbits = 0x270
                    0x0274                  U2P1 = 0x274
                    0x0274                  _U2P1 = 0x274
                    0x0274                  _U2P1bits = 0x274
                    0x0276                  U2P2 = 0x276
                    0x0276                  _U2P2 = 0x276
                    0x0276                  _U2P2bits = 0x276
                    0x0278                  U2P3 = 0x278
                    0x0278                  _U2P3 = 0x278
                    0x0278                  _U2P3bits = 0x278
                    0x027a                  U2P3H = 0x27a
                    0x027a                  _U2P3H = 0x27a
                    0x027a                  _U2P3Hbits = 0x27a
                    0x027c                  U2TXCHK = 0x27c
                    0x027c                  _U2TXCHK = 0x27c
                    0x027c                  _U2TXCHKbits = 0x27c
                    0x027e                  U2RXCHK = 0x27e
                    0x027e                  _U2RXCHK = 0x27e
                    0x027e                  _U2RXCHKbits = 0x27e
                    0x0280                  U2SCCON = 0x280
                    0x0280                  _U2SCCON = 0x280
                    0x0280                  _U2SCCONbits = 0x280
                    0x0282                  U2SCINT = 0x282
                    0x0282                  _U2SCINT = 0x282
                    0x0282                  _U2SCINTbits = 0x282
                    0x0284                  U2INT = 0x284
                    0x0284                  _U2INT = 0x284
                    0x0284                  _U2INTbits = 0x284
                    0x02ac                  SPI1CON1 = 0x2ac
                    0x02ac                  _SPI1CON1 = 0x2ac
                    0x02ac                  _SPI1CON1bits = 0x2ac
                    0x02ac                  SPI1CON1L = 0x2ac
                    0x02ac                  _SPI1CON1L = 0x2ac
                    0x02ac                  _SPI1CON1Lbits = 0x2ac
                    0x02ae                  SPI1CON1H = 0x2ae
                    0x02ae                  _SPI1CON1H = 0x2ae
                    0x02ae                  _SPI1CON1Hbits = 0x2ae
                    0x02ae                  SPI1CON2 = 0x2ae
                    0x02ae                  _SPI1CON2 = 0x2ae
                    0x02ae                  _SPI1CON2bits = 0x2ae
                    0x02b0                  SPI1CON2L = 0x2b0
                    0x02b0                  _SPI1CON2L = 0x2b0
                    0x02b0                  _SPI1CON2Lbits = 0x2b0
                    0x02b0                  SPI1CON3 = 0x2b0
                    0x02b0                  _SPI1CON3 = 0x2b0
                    0x02b0                  _SPI1CON3bits = 0x2b0
                    0x02b2                  SPI1CON2H = 0x2b2
                    0x02b2                  _SPI1CON2H = 0x2b2
                    0x02b2                  SPI1CON4 = 0x2b2
                    0x02b2                  _SPI1CON4 = 0x2b2
                    0x02b4                  SPI1STATL = 0x2b4
                    0x02b4                  _SPI1STATL = 0x2b4
                    0x02b4                  _SPI1STATLbits = 0x2b4
                    0x02b6                  SPI1STATH = 0x2b6
                    0x02b6                  _SPI1STATH = 0x2b6
                    0x02b6                  _SPI1STATHbits = 0x2b6
                    0x02b8                  SPI1BUFL = 0x2b8
                    0x02b8                  _SPI1BUFL = 0x2b8
                    0x02b8                  _SPI1BUFLbits = 0x2b8
                    0x02ba                  SPI1BUFH = 0x2ba
                    0x02ba                  _SPI1BUFH = 0x2ba
                    0x02ba                  _SPI1BUFHbits = 0x2ba
                    0x02bc                  SPI1BRGL = 0x2bc
                    0x02bc                  _SPI1BRGL = 0x2bc
                    0x02bc                  _SPI1BRGLbits = 0x2bc
                    0x02be                  SPI1BRGH = 0x2be
                    0x02be                  _SPI1BRGH = 0x2be
                    0x02c0                  SPI1IMSK1 = 0x2c0
                    0x02c0                  _SPI1IMSK1 = 0x2c0
                    0x02c0                  _SPI1IMSK1bits = 0x2c0
                    0x02c0                  SPI1IMSKL = 0x2c0
                    0x02c0                  _SPI1IMSKL = 0x2c0
                    0x02c0                  _SPI1IMSKLbits = 0x2c0
                    0x02c2                  SPI1IMSK2 = 0x2c2
                    0x02c2                  _SPI1IMSK2 = 0x2c2
                    0x02c2                  _SPI1IMSK2bits = 0x2c2
                    0x02c2                  SPI1IMSKH = 0x2c2
                    0x02c2                  _SPI1IMSKH = 0x2c2
                    0x02c2                  _SPI1IMSKHbits = 0x2c2
                    0x02c4                  SPI1URDTL = 0x2c4
                    0x02c4                  _SPI1URDTL = 0x2c4
                    0x02c4                  _SPI1URDTLbits = 0x2c4
                    0x02c6                  SPI1URDTH = 0x2c6
                    0x02c6                  _SPI1URDTH = 0x2c6
                    0x02c6                  _SPI1URDTHbits = 0x2c6
                    0x02c8                  SPI2CON1 = 0x2c8
                    0x02c8                  _SPI2CON1 = 0x2c8
                    0x02c8                  _SPI2CON1bits = 0x2c8
                    0x02c8                  SPI2CON1L = 0x2c8
                    0x02c8                  _SPI2CON1L = 0x2c8
                    0x02c8                  _SPI2CON1Lbits = 0x2c8
                    0x02ca                  SPI2CON1H = 0x2ca
                    0x02ca                  _SPI2CON1H = 0x2ca
                    0x02ca                  _SPI2CON1Hbits = 0x2ca
                    0x02ca                  SPI2CON2 = 0x2ca
                    0x02ca                  _SPI2CON2 = 0x2ca
                    0x02ca                  _SPI2CON2bits = 0x2ca
                    0x02cc                  SPI2CON2L = 0x2cc
                    0x02cc                  _SPI2CON2L = 0x2cc
                    0x02cc                  _SPI2CON2Lbits = 0x2cc
                    0x02cc                  SPI2CON3 = 0x2cc
                    0x02cc                  _SPI2CON3 = 0x2cc
                    0x02cc                  _SPI2CON3bits = 0x2cc
                    0x02ce                  SPI2CON2H = 0x2ce
                    0x02ce                  _SPI2CON2H = 0x2ce
                    0x02ce                  SPI2CON4 = 0x2ce
                    0x02ce                  _SPI2CON4 = 0x2ce
                    0x02d0                  SPI2STATL = 0x2d0
                    0x02d0                  _SPI2STATL = 0x2d0
                    0x02d0                  _SPI2STATLbits = 0x2d0
                    0x02d2                  SPI2STATH = 0x2d2
                    0x02d2                  _SPI2STATH = 0x2d2
                    0x02d2                  _SPI2STATHbits = 0x2d2
                    0x02d4                  SPI2BUFL = 0x2d4
                    0x02d4                  _SPI2BUFL = 0x2d4
                    0x02d4                  _SPI2BUFLbits = 0x2d4
                    0x02d6                  SPI2BUFH = 0x2d6
                    0x02d6                  _SPI2BUFH = 0x2d6
                    0x02d6                  _SPI2BUFHbits = 0x2d6
                    0x02d8                  SPI2BRGL = 0x2d8
                    0x02d8                  _SPI2BRGL = 0x2d8
                    0x02d8                  _SPI2BRGLbits = 0x2d8
                    0x02da                  SPI2BRGH = 0x2da
                    0x02da                  _SPI2BRGH = 0x2da
                    0x02dc                  SPI2IMSK1 = 0x2dc
                    0x02dc                  _SPI2IMSK1 = 0x2dc
                    0x02dc                  _SPI2IMSK1bits = 0x2dc
                    0x02dc                  SPI2IMSKL = 0x2dc
                    0x02dc                  _SPI2IMSKL = 0x2dc
                    0x02dc                  _SPI2IMSKLbits = 0x2dc
                    0x02de                  SPI2IMSK2 = 0x2de
                    0x02de                  _SPI2IMSK2 = 0x2de
                    0x02de                  _SPI2IMSK2bits = 0x2de
                    0x02de                  SPI2IMSKH = 0x2de
                    0x02de                  _SPI2IMSKH = 0x2de
                    0x02de                  _SPI2IMSKHbits = 0x2de
                    0x02e0                  SPI2URDTL = 0x2e0
                    0x02e0                  _SPI2URDTL = 0x2e0
                    0x02e0                  _SPI2URDTLbits = 0x2e0
                    0x02e2                  SPI2URDTH = 0x2e2
                    0x02e2                  _SPI2URDTH = 0x2e2
                    0x02e2                  _SPI2URDTHbits = 0x2e2
                    0x0300                  PCLKCON = 0x300
                    0x0300                  _PCLKCON = 0x300
                    0x0300                  _PCLKCONbits = 0x300
                    0x0302                  FSCL = 0x302
                    0x0302                  _FSCL = 0x302
                    0x0304                  FSMINPER = 0x304
                    0x0304                  _FSMINPER = 0x304
                    0x0306                  MPHASE = 0x306
                    0x0306                  _MPHASE = 0x306
                    0x0308                  MDC = 0x308
                    0x0308                  _MDC = 0x308
                    0x030a                  MPER = 0x30a
                    0x030a                  _MPER = 0x30a
                    0x030c                  LFSR = 0x30c
                    0x030c                  _LFSR = 0x30c
                    0x030c                  _LFSRbits = 0x30c
                    0x030e                  CMBTRIGL = 0x30e
                    0x030e                  _CMBTRIGL = 0x30e
                    0x030e                  _CMBTRIGLbits = 0x30e
                    0x0310                  CMBTRIGH = 0x310
                    0x0310                  _CMBTRIGH = 0x310
                    0x0310                  _CMBTRIGHbits = 0x310
                    0x0312                  LOGCONA = 0x312
                    0x0312                  _LOGCONA = 0x312
                    0x0312                  _LOGCONAbits = 0x312
                    0x0314                  LOGCONB = 0x314
                    0x0314                  _LOGCONB = 0x314
                    0x0314                  _LOGCONBbits = 0x314
                    0x0316                  LOGCONC = 0x316
                    0x0316                  _LOGCONC = 0x316
                    0x0316                  _LOGCONCbits = 0x316
                    0x0318                  LOGCOND = 0x318
                    0x0318                  _LOGCOND = 0x318
                    0x0318                  _LOGCONDbits = 0x318
                    0x031a                  LOGCONE = 0x31a
                    0x031a                  _LOGCONE = 0x31a
                    0x031a                  _LOGCONEbits = 0x31a
                    0x031c                  LOGCONF = 0x31c
                    0x031c                  _LOGCONF = 0x31c
                    0x031c                  _LOGCONFbits = 0x31c
                    0x031e                  PWMEVTA = 0x31e
                    0x031e                  _PWMEVTA = 0x31e
                    0x031e                  _PWMEVTAbits = 0x31e
                    0x0320                  PWMEVTB = 0x320
                    0x0320                  _PWMEVTB = 0x320
                    0x0320                  _PWMEVTBbits = 0x320
                    0x0322                  PWMEVTC = 0x322
                    0x0322                  _PWMEVTC = 0x322
                    0x0322                  _PWMEVTCbits = 0x322
                    0x0324                  PWMEVTD = 0x324
                    0x0324                  _PWMEVTD = 0x324
                    0x0324                  _PWMEVTDbits = 0x324
                    0x0326                  PWMEVTE = 0x326
                    0x0326                  _PWMEVTE = 0x326
                    0x0326                  _PWMEVTEbits = 0x326
                    0x0328                  PWMEVTF = 0x328
                    0x0328                  _PWMEVTF = 0x328
                    0x0328                  _PWMEVTFbits = 0x328
                    0x032a                  PG1CONL = 0x32a
                    0x032a                  _PG1CONL = 0x32a
                    0x032a                  _PG1CONLbits = 0x32a
                    0x032c                  PG1CONH = 0x32c
                    0x032c                  _PG1CONH = 0x32c
                    0x032c                  _PG1CONHbits = 0x32c
                    0x032e                  PG1STAT = 0x32e
                    0x032e                  _PG1STAT = 0x32e
                    0x032e                  _PG1STATbits = 0x32e
                    0x0330                  PG1IOCONL = 0x330
                    0x0330                  _PG1IOCONL = 0x330
                    0x0330                  _PG1IOCONLbits = 0x330
                    0x0332                  PG1IOCONH = 0x332
                    0x0332                  _PG1IOCONH = 0x332
                    0x0332                  _PG1IOCONHbits = 0x332
                    0x0334                  PG1EVTL = 0x334
                    0x0334                  _PG1EVTL = 0x334
                    0x0334                  _PG1EVTLbits = 0x334
                    0x0336                  PG1EVTH = 0x336
                    0x0336                  _PG1EVTH = 0x336